 Scylla

 Timestamp is 67dcd7bd (Fri Mar 21 11:06:37 2025)

 Preferred load address is 00400000

 Start         Length     Name                   Class
 0001:00000000 00000240H .text$di                CODE
 0001:00000240 00045d00H .text$mn                CODE
 0001:00045f40 000012b0H .text$x                 CODE
 0001:000471f0 0000026fH .text$yd                CODE
 0002:00000000 000003f4H .idata$5                DATA
 0002:000003f4 00000004H .00cfg                  DATA
 0002:000003f8 00000004H .CRT$XCA                DATA
 0002:000003fc 00000004H .CRT$XCAA               DATA
 0002:00000400 00000004H .CRT$XCL                DATA
 0002:00000404 0000002cH .CRT$XCU                DATA
 0002:00000430 00000004H .CRT$XCZ                DATA
 0002:00000434 00000004H .CRT$XIA                DATA
 0002:00000438 00000004H .CRT$XIAA               DATA
 0002:0000043c 00000004H .CRT$XIAC               DATA
 0002:00000440 00000010H .CRT$XIC                DATA
 0002:00000450 00000004H .CRT$XIZ                DATA
 0002:00000454 00000004H .CRT$XLA                DATA
 0002:00000458 00000004H .CRT$XLZ                DATA
 0002:0000045c 00000004H .CRT$XPA                DATA
 0002:00000460 00000008H .CRT$XPX                DATA
 0002:00000468 00000004H .CRT$XPXA               DATA
 0002:0000046c 00000004H .CRT$XPZ                DATA
 0002:00000470 00000004H .CRT$XTA                DATA
 0002:00000474 0000000cH .CRT$XTZ                DATA
 0002:00000480 0000cfb4H .rdata                  DATA
 0002:0000d434 00000018H .rdata$T                DATA
 0002:0000d44c 000018c4H .rdata$r                DATA
 0002:0000ed10 00000180H .rdata$sxdata           DATA
 0002:0000ee90 000003ccH .rdata$zzzdbg           DATA
 0002:0000f25c 00000004H .rtc$IAA                DATA
 0002:0000f260 00000004H .rtc$IZZ                DATA
 0002:0000f264 00000004H .rtc$TAA                DATA
 0002:0000f268 00000008H .rtc$TZZ                DATA
 0002:0000f270 00001c6cH .xdata$x                DATA
 0002:00010edc 00000004H ATL$__a                 DATA
 0002:00010ee0 00000004H ATL$__z                 DATA
 0002:00010ee4 00000000H .edata                  DATA
 0002:00010ee4 000000dcH .idata$2                DATA
 0002:00010fc0 00000014H .idata$3                DATA
 0002:00010fd4 000003f4H .idata$4                DATA
 0002:000113c8 0000117aH .idata$6                DATA
 0003:00000000 00007738H .data                   DATA
 0003:00007738 00000f78H .data$r                 DATA
 0003:000086b0 0000d764H .bss                    DATA
 0004:00000000 0000008cH .gfids$x                DATA
 0004:0000008c 00000094H .gfids$y                DATA
 0005:00000000 00000004H .tls                    DATA
 0005:00000004 00000004H .tls$                   DATA
 0005:00000008 00000001H .tls$ZZZ                DATA
 0006:00000000 00000670H .rsrc$01                DATA
 0006:00000670 00009330H .rsrc$02                DATA

  Address         Publics by Value              Rva+Base       Lib:Object

 0000:00000000       ___guard_fids_count        00000000     <absolute>
 0000:00000000       ___guard_longjmp_count     00000000     <absolute>
 0000:00000000       ___guard_longjmp_table     00000000     <absolute>
 0000:00000000       __except_list              00000000     <absolute>
 0000:00000000       ___guard_iat_table         00000000     <absolute>
 0000:00000000       ___guard_iat_count         00000000     <absolute>
 0000:00000000       ___guard_fids_table        00000000     <absolute>
 0000:00000000       ___dynamic_value_reloc_table 00000000     <absolute>
 0000:0000002c       __tls_array                0000002c     <absolute>
 0000:00000060       ___safe_se_handler_count   00000060     <absolute>
 0000:00000100       ___guard_flags             00000100     <absolute>
 0000:00000000       ___ImageBase               00400000     <linker-defined>
 0001:00000240       ?Init@CComCriticalSection@ATL@@QAEJXZ 00401240 f i AboutGui.obj
 0001:00000270       ??0CAtlComModule@ATL@@QAE@XZ 00401270 f i AboutGui.obj
 0001:000002f0       ?Term@CAtlComModule@ATL@@QAEXXZ 004012f0 f i AboutGui.obj
 0001:00000360       ??1_ATL_COM_MODULE70@ATL@@QAE@XZ 00401360 f i AboutGui.obj
 0001:00000360       ?_Orphan_all@?$_Vector_alloc@U?$_Vec_base_types@VModuleInfo@@V?$allocator@VModuleInfo@@@std@@@std@@@std@@QAEXXZ 00401360 f i ProcessAccessHelp.obj
 0001:00000360       ??1_ATL_MODULE70@ATL@@QAE@XZ 00401360 f i main.obj
 0001:00000360       __initialize_denormal_control 00401360 f i LIBCMT:denormal_control.obj
 0001:00000360       ??1?$CMenuT@$0A@@WTL@@QAE@XZ 00401360 f i DisassemblerGui.obj
 0001:00000360       ___except_validate_jump_buffer 00401360 f i libvcruntime:jbcxrval.obj
 0001:00000360       ??3@YAXPAX0@Z              00401360 f i ApiReader.obj
 0001:00000360       ___except_validate_context_record 00401360 f i libvcruntime:jbcxrval.obj
 0001:00000360       @_guard_check_icall_nop@4  00401360 f i LIBCMT:guard_support.obj
 0001:00000360       __initialize_invalid_parameter_handler 00401360 f i LIBCMT:invalid_parameter_handler.obj
 0001:00000370       ??0CAtlWinModule@ATL@@QAE@XZ 00401370 f i AboutGui.obj
 0001:00000400       ?AtlWinModuleTerm@ATL@@YGJPAU_ATL_WIN_MODULE70@1@PAUHINSTANCE__@@@Z 00401400 f i AboutGui.obj
 0001:000004b0       ?IsWindowsVersionOrGreater@@YA_NGGG@Z 004014b0 f i AboutGui.obj
 0001:00000580       ?CenterWindow@CWindow@ATL@@QAEHPAUHWND__@@@Z 00401580 f i AboutGui.obj
 0001:00000750       ?DoDataExchange@AboutGui@@QAEHHI@Z 00401750 f i AboutGui.obj
 0001:00000890       ?OnInitDialog@AboutGui@@IAEHVCWindow@ATL@@J@Z 00401890 f   AboutGui.obj
 0001:00000960       ?OnClose@AboutGui@@IAEXXZ  00401960 f   AboutGui.obj
 0001:000009d0       ?OnLink@AboutGui@@IAEJPAUtagNMHDR@@@Z 004019d0 f   AboutGui.obj
 0001:00000a00       ?setupLinks@AboutGui@@IAEXXZ 00401a00 f   AboutGui.obj
 0001:00000d90       ?setupTooltip@AboutGui@@IAEXV?$CToolTipCtrlT@VCWindow@ATL@@@WTL@@VCWindow@ATL@@PB_W@Z 00401d90 f   AboutGui.obj
 0001:00000e40       ?readApisFromModuleList@ApiReader@@QAEXXZ 00401e40 f   ApiReader.obj
 0001:00000f40       ?parseModule@ApiReader@@AAEXPAVModuleInfo@@@Z 00401f40 f   ApiReader.obj
 0001:000010d0       ?handleForwardedApi@ApiReader@@AAEXKPADKGPAVModuleInfo@@@Z 004020d0 f   ApiReader.obj
 0001:00001390       ?findModuleByName@ApiReader@@AAEPAVModuleInfo@@PA_W@Z 00402390 f   ApiReader.obj
 0001:00001430       ?addApi@ApiReader@@AAEXPADGGKK_NPAVModuleInfo@@@Z 00402430 f   ApiReader.obj
 0001:00001570       ?parseModuleWithProcess@ApiReader@@AAEXPAVModuleInfo@@@Z 00402570 f   ApiReader.obj
 0001:000016f0       ?parseExportTable@ApiReader@@AAEXPAVModuleInfo@@PAU_IMAGE_NT_HEADERS@@PAU_IMAGE_EXPORT_DIRECTORY@@K@Z 004026f0 f   ApiReader.obj
 0001:000018a0       ?isModuleLoadedInOwnProcess@ApiReader@@AAE_NPAVModuleInfo@@@Z 004028a0 f   ApiReader.obj
 0001:00001920       ?findApiInProcess@ApiReader@@AAEXPAVModuleInfo@@PADGPAK2@Z 00402920 f   ApiReader.obj
 0001:00001a20       ?findApiInExportTable@ApiReader@@AAE_NPAVModuleInfo@@PAU_IMAGE_EXPORT_DIRECTORY@@KPADGPAK3@Z 00402a20 f   ApiReader.obj
 0001:00001b00       ?setModulePriority@ApiReader@@AAEXPAVModuleInfo@@@Z 00402b00 f   ApiReader.obj
 0001:00001be0       ?getApiByVirtualAddress@ApiReader@@QAEPAVApiInfo@@KPA_N@Z 00402be0 f   ApiReader.obj
 0001:00001fa0       ?readAndParseIAT@ApiReader@@QAEXKKAAV?$map@KVImportModuleThunk@@U?$less@K@std@@V?$allocator@U?$pair@$$CBKVImportModuleThunk@@@std@@@3@@std@@@Z 00402fa0 f   ApiReader.obj
 0001:00001ff0       ?parseIAT@ApiReader@@AAEXKPAEK@Z 00402ff0 f   ApiReader.obj
 0001:00002130       ?addModuleToModuleList@ApiReader@@AAE_NPB_WK@Z 00403130 f   ApiReader.obj
 0001:00002290       ??1ImportModuleThunk@@QAE@XZ 00403290 f i ApiReader.obj
 0001:000022c0       ??1?$pair@KVImportModuleThunk@@@std@@QAE@XZ 004032c0 f i ApiReader.obj
 0001:000022f0       ?addUnknownModuleToModuleList@ApiReader@@AAEXK@Z 004032f0 f   ApiReader.obj
 0001:00002450       ?addFunctionToModuleList@ApiReader@@AAE_NPAVApiInfo@@KKG_N1@Z 00403450 f   ApiReader.obj
 0001:000025d0       ?clearAll@ApiReader@@QAEXXZ 004035d0 f   ApiReader.obj
 0001:000026c0       ?addNotFoundApiToModuleList@ApiReader@@AAE_NKK@Z 004036c0 f   ApiReader.obj
 0001:000028b0       ?isInvalidMemoryForIat@ApiReader@@QAE_NK@Z 004038b0 f   ApiReader.obj
 0001:00002940       ??1?$_Hash@V?$_Hmap_traits@KPAVApiInfo@@V?$hash_compare@KU?$less@K@std@@@stdext@@V?$allocator@U?$pair@$$CBKPAVApiInfo@@@std@@@std@@$00@stdext@@@std@@QAE@XZ 00403940 f i ApiReader.obj
 0001:000029c0       ?push_back@?$vector@PAVApiInfo@@V?$allocator@PAVApiInfo@@@std@@@std@@QAEXABQAVApiInfo@@@Z 004039c0 f i ApiReader.obj
 0001:00002ac0       ?_Erase@?$_Tree@V?$_Tmap_traits@KVImportModuleThunk@@U?$less@K@std@@V?$allocator@U?$pair@$$CBKVImportModuleThunk@@@std@@@3@$0A@@std@@@std@@IAEXPAU?$_Tree_node@U?$pair@$$CBKVImportModuleThunk@@@std@@PAX@2@@Z 00403ac0 f i ApiReader.obj
 0001:00002b40       ?_Init@?$_Hash@V?$_Hmap_traits@PAU_TREEITEM@@UTreeItemData@ImportsHandling@@V?$hash_compare@PAU_TREEITEM@@U?$less@PAU_TREEITEM@@@std@@@stdext@@V?$allocator@U?$pair@QAU_TREEITEM@@UTreeItemData@ImportsHandling@@@std@@@std@@$0A@@stdext@@@std@@IAEXI@Z 00403b40 f i ImportsHandling.obj
 0001:00002b40       ?_Init@?$_Hash@V?$_Hmap_traits@KPAVApiInfo@@V?$hash_compare@KU?$less@K@std@@@stdext@@V?$allocator@U?$pair@$$CBKPAVApiInfo@@@std@@@std@@$00@stdext@@@std@@IAEXI@Z 00403b40 f i ApiReader.obj
 0001:00002bb0       ?equal_range@?$_Hash@V?$_Hmap_traits@KPAVApiInfo@@V?$hash_compare@KU?$less@K@std@@@stdext@@V?$allocator@U?$pair@$$CBKPAVApiInfo@@@std@@@std@@$00@stdext@@@std@@QBE?AU?$pair@V?$_List_const_iterator@V?$_List_val@U?$_List_simple_types@U?$pair@$$CBKPAVApiInfo@@@std@@@std@@@std@@@std@@V12@@2@ABK@Z 00403bb0 f i ApiReader.obj
 0001:00002ca0       ?lower_bound@?$_Hash@V?$_Hmap_traits@KPAVApiInfo@@V?$hash_compare@KU?$less@K@std@@@stdext@@V?$allocator@U?$pair@$$CBKPAVApiInfo@@@std@@@std@@$00@stdext@@@std@@QAE?AV?$_List_iterator@V?$_List_val@U?$_List_simple_types@U?$pair@$$CBKPAVApiInfo@@@std@@@std@@@std@@@2@ABK@Z 00403ca0 f i ApiReader.obj
 0001:00002d40       ??0?$_Hash@V?$_Hmap_traits@KPAVApiInfo@@V?$hash_compare@KU?$less@K@std@@@stdext@@V?$allocator@U?$pair@$$CBKPAVApiInfo@@@std@@@std@@$00@stdext@@@std@@QAE@ABV?$hash_compare@KU?$less@K@std@@@stdext@@ABV?$allocator@U?$pair@$$CBKPAVApiInfo@@@std@@@1@@Z 00403d40 f i ApiReader.obj
 0001:00002e00       ??1?$vector@V?$_List_unchecked_iterator@V?$_List_val@U?$_List_simple_types@U?$pair@$$CBKPAVApiInfo@@@std@@@std@@@std@@@std@@U?$_Wrap_alloc@V?$allocator@V?$_List_unchecked_iterator@V?$_List_val@U?$_List_simple_types@U?$pair@$$CBKPAVApiInfo@@@std@@@std@@@std@@@std@@@std@@@2@@std@@QAE@XZ 00403e00 f i ApiReader.obj
 0001:00002e00       ??1?$vector@V?$_List_unchecked_iterator@V?$_List_val@U?$_List_simple_types@U?$pair@QAU_TREEITEM@@UTreeItemData@ImportsHandling@@@std@@@std@@@std@@@std@@U?$_Wrap_alloc@V?$allocator@V?$_List_unchecked_iterator@V?$_List_val@U?$_List_simple_types@U?$pair@QAU_TREEITEM@@UTreeItemData@ImportsHandling@@@std@@@std@@@std@@@std@@@std@@@2@@std@@QAE@XZ 00403e00 f i ImportsHandling.obj
 0001:00002e00       ??1?$vector@KV?$allocator@K@std@@@std@@QAE@XZ 00403e00 f i DisassemblerGui.obj
 0001:00002e00       ??1?$vector@PAVApiInfo@@V?$allocator@PAVApiInfo@@@std@@@std@@QAE@XZ 00403e00 f i PickApiGui.obj
 0001:00002e30       ??1?$list@U?$pair@QAU_TREEITEM@@UTreeItemData@ImportsHandling@@@std@@V?$allocator@U?$pair@QAU_TREEITEM@@UTreeItemData@ImportsHandling@@@std@@@2@@std@@QAE@XZ 00403e30 f i ImportsHandling.obj
 0001:00002e30       ??1?$list@U?$pair@$$CBKPAVApiInfo@@@std@@V?$allocator@U?$pair@$$CBKPAVApiInfo@@@std@@@2@@std@@QAE@XZ 00403e30 f i ApiReader.obj
 0001:00002e70       ??1?$_Tree_comp_alloc@V?$_Tmap_traits@KVImportThunk@@U?$less@K@std@@V?$allocator@U?$pair@$$CBKVImportThunk@@@std@@@3@$0A@@std@@@std@@QAE@XZ 00403e70 f i ApiReader.obj
 0001:00002e80       ?deallocate@?$_Wrap_alloc@V?$allocator@K@std@@@std@@QAEXPAKI@Z 00403e80 f i DisassemblerGui.obj
 0001:00002e80       ?deallocate@?$_Wrap_alloc@U?$_Wrap_alloc@V?$allocator@V?$_List_unchecked_iterator@V?$_List_val@U?$_List_simple_types@U?$pair@QAU_TREEITEM@@UTreeItemData@ImportsHandling@@@std@@@std@@@std@@@std@@@std@@@std@@@std@@QAEXPAV?$_List_unchecked_iterator@V?$_List_val@U?$_List_simple_types@U?$pair@QAU_TREEITEM@@UTreeItemData@ImportsHandling@@@std@@@std@@@std@@@2@I@Z 00403e80 f i ImportsHandling.obj
 0001:00002e80       ?deallocate@?$_Wrap_alloc@V?$allocator@PAVApiInfo@@@std@@@std@@QAEXPAPAVApiInfo@@I@Z 00403e80 f i ApiReader.obj
 0001:00002e80       ?deallocate@?$_Wrap_alloc@U?$_Wrap_alloc@V?$allocator@V?$_List_unchecked_iterator@V?$_List_val@U?$_List_simple_types@U?$pair@$$CBKPAVApiInfo@@@std@@@std@@@std@@@std@@@std@@@std@@@std@@QAEXPAV?$_List_unchecked_iterator@V?$_List_val@U?$_List_simple_types@U?$pair@$$CBKPAVApiInfo@@@std@@@std@@@std@@@2@I@Z 00403e80 f i ApiReader.obj
 0001:00002ee0       ?_Reallocate@?$vector@PAVApiInfo@@V?$allocator@PAVApiInfo@@@std@@@std@@IAEXI@Z 00403ee0 f i ApiReader.obj
 0001:00002ee0       ?_Reallocate@?$vector@KV?$allocator@K@std@@@std@@IAEXI@Z 00403ee0 f i DisassemblerGui.obj
 0001:00002f90       ??F?$_Tree_unchecked_const_iterator@V?$_Tree_val@U?$_Tree_simple_types@K@std@@@std@@U_Iterator_base0@2@@std@@QAEAAV01@XZ 00403f90 f i IATReferenceScan.obj
 0001:00002f90       ??F?$_Tree_unchecked_const_iterator@V?$_Tree_val@U?$_Tree_simple_types@U?$pair@$$CBKVImportModuleThunk@@@std@@@std@@@std@@U_Iterator_base0@2@@std@@QAEAAV01@XZ 00403f90 f i ApiReader.obj
 0001:00002f90       ??F?$_Tree_unchecked_const_iterator@V?$_Tree_val@U?$_Tree_simple_types@U?$pair@$$CBKVImportThunk@@@std@@@std@@@std@@U_Iterator_base0@2@@std@@QAEAAV01@XZ 00403f90 f i ApiReader.obj
 0001:00002f90       ??F?$_Tree_unchecked_const_iterator@V?$_Tree_val@U?$_Tree_simple_types@U?$pair@$$CBW4ConfigOption@@VConfiguration@@@std@@@std@@@std@@U_Iterator_base0@2@@std@@QAEAAV01@XZ 00403f90 f i ConfigurationHolder.obj
 0001:00002ff0       ??E?$_Tree_unchecked_const_iterator@V?$_Tree_val@U?$_Tree_simple_types@U?$pair@$$CBKVImportThunk@@@std@@@std@@@std@@U_Iterator_base0@2@@std@@QAEAAV01@XZ 00403ff0 f i ApiReader.obj
 0001:00002ff0       ??E?$_Tree_unchecked_const_iterator@V?$_Tree_val@U?$_Tree_simple_types@K@std@@@std@@U_Iterator_base0@2@@std@@QAEAAV01@XZ 00403ff0 f i IATReferenceScan.obj
 0001:00002ff0       ??E?$_Tree_unchecked_const_iterator@V?$_Tree_val@U?$_Tree_simple_types@U?$pair@$$CBW4ConfigOption@@VConfiguration@@@std@@@std@@@std@@U_Iterator_base0@2@@std@@QAEAAV01@XZ 00403ff0 f i ConfigurationHolder.obj
 0001:00002ff0       ??E?$_Tree_unchecked_const_iterator@V?$_Tree_val@U?$_Tree_simple_types@U?$pair@$$CBKVImportModuleThunk@@@std@@@std@@@std@@U_Iterator_base0@2@@std@@QAEAAV01@XZ 00403ff0 f i ApiReader.obj
 0001:00003040       ?_Reallocate@?$vector@V?$_List_unchecked_iterator@V?$_List_val@U?$_List_simple_types@U?$pair@QAU_TREEITEM@@UTreeItemData@ImportsHandling@@@std@@@std@@@std@@@std@@U?$_Wrap_alloc@V?$allocator@V?$_List_unchecked_iterator@V?$_List_val@U?$_List_simple_types@U?$pair@QAU_TREEITEM@@UTreeItemData@ImportsHandling@@@std@@@std@@@std@@@std@@@std@@@2@@std@@IAEXI@Z 00404040 f i ImportsHandling.obj
 0001:00003040       ?_Reallocate@?$vector@V?$_List_unchecked_iterator@V?$_List_val@U?$_List_simple_types@U?$pair@$$CBKPAVApiInfo@@@std@@@std@@@std@@@std@@U?$_Wrap_alloc@V?$allocator@V?$_List_unchecked_iterator@V?$_List_val@U?$_List_simple_types@U?$pair@$$CBKPAVApiInfo@@@std@@@std@@@std@@@std@@@std@@@2@@std@@IAEXI@Z 00404040 f i ApiReader.obj
 0001:000030f0       ?clear@?$_Tree@V?$_Tmap_traits@W4ConfigOption@@VConfiguration@@U?$less@W4ConfigOption@@@std@@V?$allocator@U?$pair@$$CBW4ConfigOption@@VConfiguration@@@std@@@4@$0A@@std@@@std@@QAEXXZ 004040f0 f i ConfigurationHolder.obj
 0001:000030f0       ?clear@?$_Tree@V?$_Tmap_traits@KVImportThunk@@U?$less@K@std@@V?$allocator@U?$pair@$$CBKVImportThunk@@@std@@@3@$0A@@std@@@std@@QAEXXZ 004040f0 f i ApiReader.obj
 0001:000030f0       ?clear@?$_Tree@V?$_Tset_traits@KU?$less@K@std@@V?$allocator@K@2@$0A@@std@@@std@@QAEXXZ 004040f0 f i IATReferenceScan.obj
 0001:00003170       ?erase@?$_Tree@V?$_Tmap_traits@KVImportThunk@@U?$less@K@std@@V?$allocator@U?$pair@$$CBKVImportThunk@@@std@@@3@$0A@@std@@@std@@QAE?AV?$_Tree_iterator@V?$_Tree_val@U?$_Tree_simple_types@U?$pair@$$CBKVImportThunk@@@std@@@std@@@std@@@2@V?$_Tree_const_iterator@V?$_Tree_val@U?$_Tree_simple_types@U?$pair@$$CBKVImportThunk@@@std@@@std@@@std@@@2@@Z 00404170 f i ApiReader.obj
 0001:00003170       ?erase@?$_Tree@V?$_Tset_traits@KU?$less@K@std@@V?$allocator@K@2@$0A@@std@@@std@@QAE?AV?$_Tree_const_iterator@V?$_Tree_val@U?$_Tree_simple_types@K@std@@@std@@@2@V32@@Z 00404170 f i IATReferenceScan.obj
 0001:00003550       ?allocate@?$_Wrap_alloc@V?$allocator@PAVApiInfo@@@std@@@std@@QAEPAPAVApiInfo@@I@Z 00404550 f i ApiReader.obj
 0001:00003550       ?allocate@?$_Wrap_alloc@U?$_Wrap_alloc@V?$allocator@V?$_List_unchecked_iterator@V?$_List_val@U?$_List_simple_types@U?$pair@QAU_TREEITEM@@UTreeItemData@ImportsHandling@@@std@@@std@@@std@@@std@@@std@@@std@@@std@@QAEPAV?$_List_unchecked_iterator@V?$_List_val@U?$_List_simple_types@U?$pair@QAU_TREEITEM@@UTreeItemData@ImportsHandling@@@std@@@std@@@std@@@2@I@Z 00404550 f i ImportsHandling.obj
 0001:00003550       ?allocate@?$_Wrap_alloc@U?$_Wrap_alloc@V?$allocator@V?$_List_unchecked_iterator@V?$_List_val@U?$_List_simple_types@U?$pair@$$CBKPAVApiInfo@@@std@@@std@@@std@@@std@@@std@@@std@@@std@@QAEPAV?$_List_unchecked_iterator@V?$_List_val@U?$_List_simple_types@U?$pair@$$CBKPAVApiInfo@@@std@@@std@@@std@@@2@I@Z 00404550 f i ApiReader.obj
 0001:000035b0       ?_Insert_n@?$vector@V?$_List_unchecked_iterator@V?$_List_val@U?$_List_simple_types@U?$pair@$$CBKPAVApiInfo@@@std@@@std@@@std@@@std@@U?$_Wrap_alloc@V?$allocator@V?$_List_unchecked_iterator@V?$_List_val@U?$_List_simple_types@U?$pair@$$CBKPAVApiInfo@@@std@@@std@@@std@@@std@@@std@@@2@@std@@IAE?AV?$_Vector_iterator@V?$_Vector_val@U?$_Simple_types@V?$_List_unchecked_iterator@V?$_List_val@U?$_List_simple_types@U?$pair@$$CBKPAVApiInfo@@@std@@@std@@@std@@@std@@@std@@@std@@@2@V?$_Vector_const_iterator@V?$_Vector_val@U?$_Simple_types@V?$_List_unchecked_iterator@V?$_List_val@U?$_List_simple_types@U?$pair@$$CBKPAVApiInfo@@@std@@@std@@@std@@@std@@@std@@@std@@@2@IABV?$_List_unchecked_iterator@V?$_List_val@U?$_List_simple_types@U?$pair@$$CBKPAVApiInfo@@@std@@@std@@@std@@@2@@Z 004045b0 f i ApiReader.obj
 0001:000035b0       ?_Insert_n@?$vector@V?$_List_unchecked_iterator@V?$_List_val@U?$_List_simple_types@U?$pair@QAU_TREEITEM@@UTreeItemData@ImportsHandling@@@std@@@std@@@std@@@std@@U?$_Wrap_alloc@V?$allocator@V?$_List_unchecked_iterator@V?$_List_val@U?$_List_simple_types@U?$pair@QAU_TREEITEM@@UTreeItemData@ImportsHandling@@@std@@@std@@@std@@@std@@@std@@@2@@std@@IAE?AV?$_Vector_iterator@V?$_Vector_val@U?$_Simple_types@V?$_List_unchecked_iterator@V?$_List_val@U?$_List_simple_types@U?$pair@QAU_TREEITEM@@UTreeItemData@ImportsHandling@@@std@@@std@@@std@@@std@@@std@@@std@@@2@V?$_Vector_const_iterator@V?$_Vector_val@U?$_Simple_types@V?$_List_unchecked_iterator@V?$_List_val@U?$_List_simple_types@U?$pair@QAU_TREEITEM@@UTreeItemData@ImportsHandling@@@std@@@std@@@std@@@std@@@std@@@std@@@2@IABV?$_List_unchecked_iterator@V?$_List_val@U?$_List_simple_types@U?$pair@QAU_TREEITEM@@UTreeItemData@ImportsHandling@@@std@@@std@@@std@@@2@@Z 004045b0 f i ImportsHandling.obj
 0001:00003770       ?_Buyheadnode@?$_Tree_comp_alloc@V?$_Tmap_traits@KVImportThunk@@U?$less@K@std@@V?$allocator@U?$pair@$$CBKVImportThunk@@@std@@@3@$0A@@std@@@std@@QAEPAU?$_Tree_node@U?$pair@$$CBKVImportThunk@@@std@@PAX@2@XZ 00404770 f i ApiReader.obj
 0001:000037a0       ?_Erase@?$_Tree@V?$_Tset_traits@KU?$less@K@std@@V?$allocator@K@2@$0A@@std@@@std@@IAEXPAU?$_Tree_node@KPAX@2@@Z 004047a0 f i IATReferenceScan.obj
 0001:000037a0       ?_Erase@?$_Tree@V?$_Tmap_traits@KVImportThunk@@U?$less@K@std@@V?$allocator@U?$pair@$$CBKVImportThunk@@@std@@@3@$0A@@std@@@std@@IAEXPAU?$_Tree_node@U?$pair@$$CBKVImportThunk@@@std@@PAX@2@@Z 004047a0 f i ApiReader.obj
 0001:000037a0       ?_Erase@?$_Tree@V?$_Tmap_traits@W4ConfigOption@@VConfiguration@@U?$less@W4ConfigOption@@@std@@V?$allocator@U?$pair@$$CBW4ConfigOption@@VConfiguration@@@std@@@4@$0A@@std@@@std@@IAEXPAU?$_Tree_node@U?$pair@$$CBW4ConfigOption@@VConfiguration@@@std@@PAX@2@@Z 004047a0 f i ConfigurationHolder.obj
 0001:000037e0       ??0ImportThunk@@QAE@$$QAV0@@Z 004047e0 f i ApiReader.obj
 0001:000037e0       ??0ImportThunk@@QAE@ABV0@@Z 004047e0 f i ApiReader.obj
 0001:00003890       ??$fill@PAV?$_List_unchecked_iterator@V?$_List_val@U?$_List_simple_types@U?$pair@$$CBKPAVApiInfo@@@std@@@std@@@std@@@std@@V12@@std@@YAXPAV?$_List_unchecked_iterator@V?$_List_val@U?$_List_simple_types@U?$pair@$$CBKPAVApiInfo@@@std@@@std@@@std@@@0@0ABV10@@Z 00404890 f i ApiReader.obj
 0001:00003890       ??$fill@PAV?$_List_unchecked_iterator@V?$_List_val@U?$_List_simple_types@U?$pair@QAU_TREEITEM@@UTreeItemData@ImportsHandling@@@std@@@std@@@std@@@std@@V12@@std@@YAXPAV?$_List_unchecked_iterator@V?$_List_val@U?$_List_simple_types@U?$pair@QAU_TREEITEM@@UTreeItemData@ImportsHandling@@@std@@@std@@@std@@@0@0ABV10@@Z 00404890 f i ImportsHandling.obj
 0001:000038d0       ??$_Uninit_alloc_fill_n1@PAV?$_List_unchecked_iterator@V?$_List_val@U?$_List_simple_types@U?$pair@$$CBKPAVApiInfo@@@std@@@std@@@std@@@std@@IU?$_Wrap_alloc@V?$allocator@V?$_List_unchecked_iterator@V?$_List_val@U?$_List_simple_types@U?$pair@$$CBKPAVApiInfo@@@std@@@std@@@std@@@std@@@std@@@2@@std@@YAXPAV?$_List_unchecked_iterator@V?$_List_val@U?$_List_simple_types@U?$pair@$$CBKPAVApiInfo@@@std@@@std@@@std@@@0@IPBV10@AAU?$_Wrap_alloc@U?$_Wrap_alloc@V?$allocator@V?$_List_unchecked_iterator@V?$_List_val@U?$_List_simple_types@U?$pair@$$CBKPAVApiInfo@@@std@@@std@@@std@@@std@@@std@@@std@@@0@U?$integral_constant@_N$0A@@0@@Z 004048d0 f i ApiReader.obj
 0001:000038d0       ??$_Uninit_alloc_fill_n1@PAV?$_List_unchecked_iterator@V?$_List_val@U?$_List_simple_types@U?$pair@QAU_TREEITEM@@UTreeItemData@ImportsHandling@@@std@@@std@@@std@@@std@@IU?$_Wrap_alloc@V?$allocator@V?$_List_unchecked_iterator@V?$_List_val@U?$_List_simple_types@U?$pair@QAU_TREEITEM@@UTreeItemData@ImportsHandling@@@std@@@std@@@std@@@std@@@std@@@2@@std@@YAXPAV?$_List_unchecked_iterator@V?$_List_val@U?$_List_simple_types@U?$pair@QAU_TREEITEM@@UTreeItemData@ImportsHandling@@@std@@@std@@@std@@@0@IPBV10@AAU?$_Wrap_alloc@U?$_Wrap_alloc@V?$allocator@V?$_List_unchecked_iterator@V?$_List_val@U?$_List_simple_types@U?$pair@QAU_TREEITEM@@UTreeItemData@ImportsHandling@@@std@@@std@@@std@@@std@@@std@@@std@@@0@U?$integral_constant@_N$0A@@0@@Z 004048d0 f i ImportsHandling.obj
 0001:00003900       ??$?0U?$_Wrap_alloc@V?$allocator@U?$_Tree_node@U?$pair@$$CBKVImportThunk@@@std@@PAX@std@@@std@@@std@@@?$_Tree@V?$_Tmap_traits@KVImportThunk@@U?$less@K@std@@V?$allocator@U?$pair@$$CBKVImportThunk@@@std@@@3@$0A@@std@@@std@@QAE@ABV01@$$QAU?$_Wrap_alloc@V?$allocator@U?$_Tree_node@U?$pair@$$CBKVImportThunk@@@std@@PAX@std@@@std@@@1@@Z 00404900 f i ApiReader.obj
 0001:00003990       ?_Buynode0@?$_List_alloc@U?$_List_base_types@U?$pair@$$CBKPAVApiInfo@@@std@@V?$allocator@U?$pair@$$CBKPAVApiInfo@@@std@@@2@@std@@@std@@QAEPAU?$_List_node@U?$pair@$$CBKPAVApiInfo@@@std@@PAX@2@PAU32@0@Z 00404990 f i ApiReader.obj
 0001:000039c0       ??$_Insert@AAU?$pair@$$CBKPAVApiInfo@@@std@@V?$_List_unchecked_iterator@V?$_List_val@U?$_List_simple_types@U?$pair@$$CBKPAVApiInfo@@@std@@@std@@@std@@@2@@?$_Hash@V?$_Hmap_traits@KPAVApiInfo@@V?$hash_compare@KU?$less@K@std@@@stdext@@V?$allocator@U?$pair@$$CBKPAVApiInfo@@@std@@@std@@$00@stdext@@@std@@IAE?AU?$pair@V?$_List_iterator@V?$_List_val@U?$_List_simple_types@U?$pair@$$CBKPAVApiInfo@@@std@@@std@@@std@@@std@@_N@1@AAU?$pair@$$CBKPAVApiInfo@@@1@V?$_List_unchecked_iterator@V?$_List_val@U?$_List_simple_types@U?$pair@$$CBKPAVApiInfo@@@std@@@std@@@std@@@1@@Z 004049c0 f i ApiReader.obj
 0001:00003b10       ??$_Buynode@U?$pair@KVImportModuleThunk@@@std@@@?$_Tree_comp_alloc@V?$_Tmap_traits@KVImportModuleThunk@@U?$less@K@std@@V?$allocator@U?$pair@$$CBKVImportModuleThunk@@@std@@@3@$0A@@std@@@std@@QAEPAU?$_Tree_node@U?$pair@$$CBKVImportModuleThunk@@@std@@PAX@1@$$QAU?$pair@KVImportModuleThunk@@@1@@Z 00404b10 f i ApiReader.obj
 0001:00003ba0       ??$_Insert_nohint@AAU?$pair@$$CBKVImportModuleThunk@@@std@@PAU?$_Tree_node@U?$pair@$$CBKVImportModuleThunk@@@std@@PAX@2@@?$_Tree@V?$_Tmap_traits@KVImportModuleThunk@@U?$less@K@std@@V?$allocator@U?$pair@$$CBKVImportModuleThunk@@@std@@@3@$0A@@std@@@std@@IAE?AU?$pair@V?$_Tree_iterator@V?$_Tree_val@U?$_Tree_simple_types@U?$pair@$$CBKVImportModuleThunk@@@std@@@std@@@std@@@std@@_N@1@_NAAU?$pair@$$CBKVImportModuleThunk@@@1@PAU?$_Tree_node@U?$pair@$$CBKVImportModuleThunk@@@std@@PAX@1@@Z 00404ba0 f i ApiReader.obj
 0001:00003cd0       ??$_Buynode@U?$pair@KVImportThunk@@@std@@@?$_Tree_comp_alloc@V?$_Tmap_traits@KVImportThunk@@U?$less@K@std@@V?$allocator@U?$pair@$$CBKVImportThunk@@@std@@@3@$0A@@std@@@std@@QAEPAU?$_Tree_node@U?$pair@$$CBKVImportThunk@@@std@@PAX@1@$$QAU?$pair@KVImportThunk@@@1@@Z 00404cd0 f i ApiReader.obj
 0001:00003cd0       ??$_Buynode@AAU?$pair@$$CBKVImportThunk@@@std@@@?$_Tree_comp_alloc@V?$_Tmap_traits@KVImportThunk@@U?$less@K@std@@V?$allocator@U?$pair@$$CBKVImportThunk@@@std@@@3@$0A@@std@@@std@@QAEPAU?$_Tree_node@U?$pair@$$CBKVImportThunk@@@std@@PAX@1@AAU?$pair@$$CBKVImportThunk@@@1@@Z 00404cd0 f i ApiReader.obj
 0001:00003d10       ??$_Insert_nohint@AAU?$pair@$$CBKVImportThunk@@@std@@PAU?$_Tree_node@U?$pair@$$CBKVImportThunk@@@std@@PAX@2@@?$_Tree@V?$_Tmap_traits@KVImportThunk@@U?$less@K@std@@V?$allocator@U?$pair@$$CBKVImportThunk@@@std@@@3@$0A@@std@@@std@@IAE?AU?$pair@V?$_Tree_iterator@V?$_Tree_val@U?$_Tree_simple_types@U?$pair@$$CBKVImportThunk@@@std@@@std@@@std@@@std@@_N@1@_NAAU?$pair@$$CBKVImportThunk@@@1@PAU?$_Tree_node@U?$pair@$$CBKVImportThunk@@@std@@PAX@1@@Z 00404d10 f i ApiReader.obj
 0001:00003e20       ??$_Copy@U_Copy_tag@?$_Tree@V?$_Tmap_traits@KVImportThunk@@U?$less@K@std@@V?$allocator@U?$pair@$$CBKVImportThunk@@@std@@@3@$0A@@std@@@std@@@?$_Tree@V?$_Tmap_traits@KVImportThunk@@U?$less@K@std@@V?$allocator@U?$pair@$$CBKVImportThunk@@@std@@@3@$0A@@std@@@std@@IAEXABV01@U_Copy_tag@01@@Z 00404e20 f i ApiReader.obj
 0001:00003ea0       ?_Buynode0@?$_Tree_comp_alloc@V?$_Tmap_traits@KVImportModuleThunk@@U?$less@K@std@@V?$allocator@U?$pair@$$CBKVImportModuleThunk@@@std@@@3@$0A@@std@@@std@@QAEPAU?$_Tree_node@U?$pair@$$CBKVImportModuleThunk@@@std@@PAX@2@XZ 00404ea0 f i ApiReader.obj
 0001:00003ee0       ?_Destroy_if_not_nil@?$_Tree@V?$_Tmap_traits@KVImportModuleThunk@@U?$less@K@std@@V?$allocator@U?$pair@$$CBKVImportModuleThunk@@@std@@@3@$0A@@std@@@std@@IAEXPAU?$_Tree_node@U?$pair@$$CBKVImportModuleThunk@@@std@@PAX@2@@Z 00404ee0 f i ApiReader.obj
 0001:00003f20       ?_Check_size@?$_Hash@V?$_Hmap_traits@KPAVApiInfo@@V?$hash_compare@KU?$less@K@std@@@stdext@@V?$allocator@U?$pair@$$CBKPAVApiInfo@@@std@@@std@@$00@stdext@@@std@@IAEXXZ 00404f20 f i ApiReader.obj
 0001:00003fc0       ?erase@?$_Hash@V?$_Hmap_traits@PAU_TREEITEM@@UTreeItemData@ImportsHandling@@V?$hash_compare@PAU_TREEITEM@@U?$less@PAU_TREEITEM@@@std@@@stdext@@V?$allocator@U?$pair@QAU_TREEITEM@@UTreeItemData@ImportsHandling@@@std@@@std@@$0A@@stdext@@@std@@QAE?AV?$_List_iterator@V?$_List_val@U?$_List_simple_types@U?$pair@QAU_TREEITEM@@UTreeItemData@ImportsHandling@@@std@@@std@@@std@@@2@V?$_List_const_iterator@V?$_List_val@U?$_List_simple_types@U?$pair@QAU_TREEITEM@@UTreeItemData@ImportsHandling@@@std@@@std@@@std@@@2@@Z 00404fc0 f i ImportsHandling.obj
 0001:00003fc0       ?erase@?$_Hash@V?$_Hmap_traits@KPAVApiInfo@@V?$hash_compare@KU?$less@K@std@@@stdext@@V?$allocator@U?$pair@$$CBKPAVApiInfo@@@std@@@std@@$00@stdext@@@std@@QAE?AV?$_List_iterator@V?$_List_val@U?$_List_simple_types@U?$pair@$$CBKPAVApiInfo@@@std@@@std@@@std@@@2@V?$_List_const_iterator@V?$_List_val@U?$_List_simple_types@U?$pair@$$CBKPAVApiInfo@@@std@@@std@@@std@@@2@@Z 00404fc0 f i ApiReader.obj
 0001:00004070       ?_Buynode0@?$_Tree_comp_alloc@V?$_Tmap_traits@KVImportThunk@@U?$less@K@std@@V?$allocator@U?$pair@$$CBKVImportThunk@@@std@@@3@$0A@@std@@@std@@QAEPAU?$_Tree_node@U?$pair@$$CBKVImportThunk@@@std@@PAX@2@XZ 00405070 f i ApiReader.obj
 0001:000040b0       ??$_Insert_at@AAU?$pair@$$CBKVImportModuleThunk@@@std@@PAU?$_Tree_node@U?$pair@$$CBKVImportModuleThunk@@@std@@PAX@2@@?$_Tree@V?$_Tmap_traits@KVImportModuleThunk@@U?$less@K@std@@V?$allocator@U?$pair@$$CBKVImportModuleThunk@@@std@@@3@$0A@@std@@@std@@IAE?AV?$_Tree_iterator@V?$_Tree_val@U?$_Tree_simple_types@U?$pair@$$CBKVImportModuleThunk@@@std@@@std@@@std@@@1@_NPAU?$_Tree_node@U?$pair@$$CBKVImportModuleThunk@@@std@@PAX@1@AAU?$pair@$$CBKVImportModuleThunk@@@1@1@Z 004050b0 f i ApiReader.obj
 0001:000042e0       ??$_Insert_at@AAU?$pair@$$CBKVImportThunk@@@std@@PAU?$_Tree_node@U?$pair@$$CBKVImportThunk@@@std@@PAX@2@@?$_Tree@V?$_Tmap_traits@KVImportThunk@@U?$less@K@std@@V?$allocator@U?$pair@$$CBKVImportThunk@@@std@@@3@$0A@@std@@@std@@IAE?AV?$_Tree_iterator@V?$_Tree_val@U?$_Tree_simple_types@U?$pair@$$CBKVImportThunk@@@std@@@std@@@std@@@1@_NPAU?$_Tree_node@U?$pair@$$CBKVImportThunk@@@std@@PAX@1@AAU?$pair@$$CBKVImportThunk@@@1@1@Z 004052e0 f i ApiReader.obj
 0001:000044f0       ??$_Uninitialized_move_al_unchecked1@PAV?$_List_unchecked_iterator@V?$_List_val@U?$_List_simple_types@U?$pair@QAU_TREEITEM@@UTreeItemData@ImportsHandling@@@std@@@std@@@std@@@std@@PAV12@U?$_Wrap_alloc@V?$allocator@V?$_List_unchecked_iterator@V?$_List_val@U?$_List_simple_types@U?$pair@QAU_TREEITEM@@UTreeItemData@ImportsHandling@@@std@@@std@@@std@@@std@@@std@@@2@@std@@YAPAV?$_List_unchecked_iterator@V?$_List_val@U?$_List_simple_types@U?$pair@QAU_TREEITEM@@UTreeItemData@ImportsHandling@@@std@@@std@@@std@@@0@PAV10@00AAU?$_Wrap_alloc@U?$_Wrap_alloc@V?$allocator@V?$_List_unchecked_iterator@V?$_List_val@U?$_List_simple_types@U?$pair@QAU_TREEITEM@@UTreeItemData@ImportsHandling@@@std@@@std@@@std@@@std@@@std@@@std@@@0@U_General_ptr_iterator_tag@0@U_Any_tag@0@@Z 004054f0 f i ImportsHandling.obj
 0001:000044f0       ??$_Uninitialized_move_al_unchecked1@PAV?$_List_unchecked_iterator@V?$_List_val@U?$_List_simple_types@U?$pair@$$CBKPAVApiInfo@@@std@@@std@@@std@@@std@@PAV12@U?$_Wrap_alloc@V?$allocator@V?$_List_unchecked_iterator@V?$_List_val@U?$_List_simple_types@U?$pair@$$CBKPAVApiInfo@@@std@@@std@@@std@@@std@@@std@@@2@@std@@YAPAV?$_List_unchecked_iterator@V?$_List_val@U?$_List_simple_types@U?$pair@$$CBKPAVApiInfo@@@std@@@std@@@std@@@0@PAV10@00AAU?$_Wrap_alloc@U?$_Wrap_alloc@V?$allocator@V?$_List_unchecked_iterator@V?$_List_val@U?$_List_simple_types@U?$pair@$$CBKPAVApiInfo@@@std@@@std@@@std@@@std@@@std@@@std@@@0@U_General_ptr_iterator_tag@0@U_Any_tag@0@@Z 004054f0 f i ApiReader.obj
 0001:00004530       ??$_Copy_nodes@U_Copy_tag@?$_Tree@V?$_Tmap_traits@KVImportThunk@@U?$less@K@std@@V?$allocator@U?$pair@$$CBKVImportThunk@@@std@@@3@$0A@@std@@@std@@@?$_Tree@V?$_Tmap_traits@KVImportThunk@@U?$less@K@std@@V?$allocator@U?$pair@$$CBKVImportThunk@@@std@@@3@$0A@@std@@@std@@IAEPAU?$_Tree_node@U?$pair@$$CBKVImportThunk@@@std@@PAX@1@PAU21@0U_Copy_tag@01@@Z 00405530 f i ApiReader.obj
 0001:000045f0       ??$_Buynode@U?$pair@KPAVApiInfo@@@std@@@?$_List_buy@U?$pair@$$CBKPAVApiInfo@@@std@@V?$allocator@U?$pair@$$CBKPAVApiInfo@@@std@@@2@@std@@QAEPAU?$_List_node@U?$pair@$$CBKPAVApiInfo@@@std@@PAX@1@PAU21@0$$QAU?$pair@KPAVApiInfo@@@1@@Z 004055f0 f i ApiReader.obj
 0001:00004620       ??0ImportModuleThunk@@QAE@$$QAV0@@Z 00405620 f i ApiReader.obj
 0001:000046c0       ___local_stdio_printf_options 004056c0 f i ConfigurationHolder.obj
 0001:000046d0       __vswprintf_s_l            004056d0 f i ConfigurationHolder.obj
 0001:00004700       ??0ConfigurationHolder@@QAE@PB_W@Z 00405700 f   ConfigurationHolder.obj
 0001:00004f80       ??1?$set@KU?$less@K@std@@V?$allocator@K@2@@std@@QAE@XZ 00405f80 f i IATReferenceScan.obj
 0001:00004f80       ??1?$map@W4ConfigOption@@VConfiguration@@U?$less@W4ConfigOption@@@std@@V?$allocator@U?$pair@$$CBW4ConfigOption@@VConfiguration@@@std@@@4@@std@@QAE@XZ 00405f80 f i ConfigurationHolder.obj
 0001:00004fb0       ?loadConfiguration@ConfigurationHolder@@QAE_NXZ 00405fb0 f   ConfigurationHolder.obj
 0001:00005000       ?saveConfiguration@ConfigurationHolder@@QBE_NXZ 00406000 f   ConfigurationHolder.obj
 0001:00005050       ??AConfigurationHolder@@QAEAAVConfiguration@@W4ConfigOption@@@Z 00406050 f   ConfigurationHolder.obj
 0001:00005080       ?loadConfig@ConfigurationHolder@@AAE_NAAVConfiguration@@@Z 00406080 f   ConfigurationHolder.obj
 0001:00005260       ?saveConfig@ConfigurationHolder@@ABE_NABVConfiguration@@@Z 00406260 f   ConfigurationHolder.obj
 0001:00005330       ?_Buyheadnode@?$_Tree_comp_alloc@V?$_Tmap_traits@W4ConfigOption@@VConfiguration@@U?$less@W4ConfigOption@@@std@@V?$allocator@U?$pair@$$CBW4ConfigOption@@VConfiguration@@@std@@@4@$0A@@std@@@std@@QAEPAU?$_Tree_node@U?$pair@$$CBW4ConfigOption@@VConfiguration@@@std@@PAX@2@XZ 00406330 f i ConfigurationHolder.obj
 0001:00005360       ??$swprintf_s@$0BF@@@YAHAAY0BF@_WPB_WZZ 00406360 f i ConfigurationHolder.obj
 0001:00005380       ?OnFinalMessage@?$CWindowImplBaseT@V?$CTreeViewCtrlExT@VCWindow@ATL@@@WTL@@V?$CWinTraitsOR@$0CA@$0A@V?$CWinTraits@$0FGAAAAAA@$0A@@ATL@@@ATL@@@ATL@@UAEXPAUHWND__@@@Z 00406380 f i MainGui.obj
 0001:00005380       ??$destroy@PAU?$_Tree_node@U?$pair@$$CBW4ConfigOption@@VConfiguration@@@std@@PAX@std@@@?$_Wrap_alloc@V?$allocator@U?$_Tree_node@U?$pair@$$CBW4ConfigOption@@VConfiguration@@@std@@PAX@std@@@std@@@std@@QAEXPAPAU?$_Tree_node@U?$pair@$$CBW4ConfigOption@@VConfiguration@@@std@@PAX@1@@Z 00406380 f i ConfigurationHolder.obj
 0001:00005380       ?OnFinalMessage@?$CDialogImplBaseT@VCWindow@ATL@@@ATL@@UAEXPAUHWND__@@@Z 00406380 f i DisassemblerGui.obj
 0001:00005380       ?OnFinalMessage@?$CWindowImplBaseT@V?$CEditT@VCWindow@ATL@@@WTL@@V?$CWinTraits@$0FGAAAAAA@$0A@@ATL@@@ATL@@UAEXPAUHWND__@@@Z 00406380 f i DisassemblerGui.obj
 0001:00005390       ??$_Try_emplace@ABW4ConfigOption@@$$V@?$map@W4ConfigOption@@VConfiguration@@U?$less@W4ConfigOption@@@std@@V?$allocator@U?$pair@$$CBW4ConfigOption@@VConfiguration@@@std@@@4@@std@@QAE?AU?$pair@V?$_Tree_iterator@V?$_Tree_val@U?$_Tree_simple_types@U?$pair@$$CBW4ConfigOption@@VConfiguration@@@std@@@std@@@std@@@std@@_N@1@ABW4ConfigOption@@@Z 00406390 f i ConfigurationHolder.obj
 0001:00005390       ??$_Try_emplace@W4ConfigOption@@$$V@?$map@W4ConfigOption@@VConfiguration@@U?$less@W4ConfigOption@@@std@@V?$allocator@U?$pair@$$CBW4ConfigOption@@VConfiguration@@@std@@@4@@std@@QAE?AU?$pair@V?$_Tree_iterator@V?$_Tree_val@U?$_Tree_simple_types@U?$pair@$$CBW4ConfigOption@@VConfiguration@@@std@@@std@@@std@@@std@@_N@1@$$QAW4ConfigOption@@@Z 00406390 f i ConfigurationHolder.obj
 0001:00005420       ??$_Buynode@ABUpiecewise_construct_t@std@@V?$tuple@$$QAW4ConfigOption@@@2@V?$tuple@$$V@2@@?$_Tree_comp_alloc@V?$_Tmap_traits@W4ConfigOption@@VConfiguration@@U?$less@W4ConfigOption@@@std@@V?$allocator@U?$pair@$$CBW4ConfigOption@@VConfiguration@@@std@@@4@$0A@@std@@@std@@QAEPAU?$_Tree_node@U?$pair@$$CBW4ConfigOption@@VConfiguration@@@std@@PAX@1@ABUpiecewise_construct_t@1@$$QAV?$tuple@$$QAW4ConfigOption@@@1@$$QAV?$tuple@$$V@1@@Z 00406420 f i ConfigurationHolder.obj
 0001:00005420       ??$_Buynode@ABUpiecewise_construct_t@std@@V?$tuple@ABW4ConfigOption@@@2@V?$tuple@$$V@2@@?$_Tree_comp_alloc@V?$_Tmap_traits@W4ConfigOption@@VConfiguration@@U?$less@W4ConfigOption@@@std@@V?$allocator@U?$pair@$$CBW4ConfigOption@@VConfiguration@@@std@@@4@$0A@@std@@@std@@QAEPAU?$_Tree_node@U?$pair@$$CBW4ConfigOption@@VConfiguration@@@std@@PAX@1@ABUpiecewise_construct_t@1@$$QAV?$tuple@ABW4ConfigOption@@@1@$$QAV?$tuple@$$V@1@@Z 00406420 f i ConfigurationHolder.obj
 0001:00005480       ??$_Insert_hint@AAU?$pair@$$CBW4ConfigOption@@VConfiguration@@@std@@PAU?$_Tree_node@U?$pair@$$CBW4ConfigOption@@VConfiguration@@@std@@PAX@2@@?$_Tree@V?$_Tmap_traits@W4ConfigOption@@VConfiguration@@U?$less@W4ConfigOption@@@std@@V?$allocator@U?$pair@$$CBW4ConfigOption@@VConfiguration@@@std@@@4@$0A@@std@@@std@@IAE?AV?$_Tree_iterator@V?$_Tree_val@U?$_Tree_simple_types@U?$pair@$$CBW4ConfigOption@@VConfiguration@@@std@@@std@@@std@@@1@V?$_Tree_const_iterator@V?$_Tree_val@U?$_Tree_simple_types@U?$pair@$$CBW4ConfigOption@@VConfiguration@@@std@@@std@@@std@@@1@AAU?$pair@$$CBW4ConfigOption@@VConfiguration@@@1@PAU?$_Tree_node@U?$pair@$$CBW4ConfigOption@@VConfiguration@@@std@@PAX@1@@Z 00406480 f i ConfigurationHolder.obj
 0001:000056a0       ?_Buynode0@?$_Tree_comp_alloc@V?$_Tmap_traits@W4ConfigOption@@VConfiguration@@U?$less@W4ConfigOption@@@std@@V?$allocator@U?$pair@$$CBW4ConfigOption@@VConfiguration@@@std@@@4@$0A@@std@@@std@@QAEPAU?$_Tree_node@U?$pair@$$CBW4ConfigOption@@VConfiguration@@@std@@PAX@2@XZ 004066a0 f i ConfigurationHolder.obj
 0001:000056e0       ??$_Insert_at@AAU?$pair@$$CBW4ConfigOption@@VConfiguration@@@std@@PAU?$_Tree_node@U?$pair@$$CBW4ConfigOption@@VConfiguration@@@std@@PAX@2@@?$_Tree@V?$_Tmap_traits@W4ConfigOption@@VConfiguration@@U?$less@W4ConfigOption@@@std@@V?$allocator@U?$pair@$$CBW4ConfigOption@@VConfiguration@@@std@@@4@$0A@@std@@@std@@IAE?AV?$_Tree_iterator@V?$_Tree_val@U?$_Tree_simple_types@U?$pair@$$CBW4ConfigOption@@VConfiguration@@@std@@@std@@@std@@@1@_NPAU?$_Tree_node@U?$pair@$$CBW4ConfigOption@@VConfiguration@@@std@@PAX@1@AAU?$pair@$$CBW4ConfigOption@@VConfiguration@@@1@1@Z 004066e0 f i ConfigurationHolder.obj
 0001:000058f0       ??$_Insert_nohint@AAU?$pair@$$CBW4ConfigOption@@VConfiguration@@@std@@PAU?$_Tree_node@U?$pair@$$CBW4ConfigOption@@VConfiguration@@@std@@PAX@2@@?$_Tree@V?$_Tmap_traits@W4ConfigOption@@VConfiguration@@U?$less@W4ConfigOption@@@std@@V?$allocator@U?$pair@$$CBW4ConfigOption@@VConfiguration@@@std@@@4@$0A@@std@@@std@@IAE?AU?$pair@V?$_Tree_iterator@V?$_Tree_val@U?$_Tree_simple_types@U?$pair@$$CBW4ConfigOption@@VConfiguration@@@std@@@std@@@std@@@std@@_N@1@_NAAU?$pair@$$CBW4ConfigOption@@VConfiguration@@@1@PAU?$_Tree_node@U?$pair@$$CBW4ConfigOption@@VConfiguration@@@std@@PAX@1@@Z 004068f0 f i ConfigurationHolder.obj
 0001:00005a00       ??1DeviceNameResolver@@QAE@XZ 00406a00 f   DeviceNameResolver.obj
 0001:00005a50       ?initDeviceNameList@DeviceNameResolver@@AAEXXZ 00406a50 f   DeviceNameResolver.obj
 0001:00005bf0       ?resolveDeviceLongNameToShort@DeviceNameResolver@@QAE_NPB_WPA_W@Z 00406bf0 f   DeviceNameResolver.obj
 0001:00005cc0       ?fixVirtualDevices@DeviceNameResolver@@AAEXXZ 00406cc0 f   DeviceNameResolver.obj
 0001:00005f70       ??1?$vector@VHardDisk@@V?$allocator@VHardDisk@@@std@@@std@@QAE@XZ 00406f70 f i DeviceNameResolver.obj
 0001:00005f70       ??1?$vector@VDisassemblerAddressComment@@V?$allocator@VDisassemblerAddressComment@@@std@@@std@@QAE@XZ 00406f70 f i DisassemblerGui.obj
 0001:00005fb0       ?_Reserve@?$vector@VDisassemblerAddressComment@@V?$allocator@VDisassemblerAddressComment@@@std@@@std@@IAEXI@Z 00406fb0 f i DisassemblerGui.obj
 0001:00005fb0       ?_Reserve@?$vector@VHardDisk@@V?$allocator@VHardDisk@@@std@@@std@@IAEXI@Z 00406fb0 f i DeviceNameResolver.obj
 0001:00006050       ?_Reallocate@?$vector@VHardDisk@@V?$allocator@VHardDisk@@@std@@@std@@IAEXI@Z 00407050 f i DeviceNameResolver.obj
 0001:00006050       ?_Reallocate@?$vector@VDisassemblerAddressComment@@V?$allocator@VDisassemblerAddressComment@@@std@@@std@@IAEXI@Z 00407050 f i DisassemblerGui.obj
 0001:000060e0       ?deallocate@?$_Wrap_alloc@V?$allocator@VHardDisk@@@std@@@std@@QAEXPAVHardDisk@@I@Z 004070e0 f i DeviceNameResolver.obj
 0001:000060e0       ?deallocate@?$_Wrap_alloc@V?$allocator@VDisassemblerAddressComment@@@std@@@std@@QAEXPAVDisassemblerAddressComment@@I@Z 004070e0 f i DisassemblerGui.obj
 0001:00006140       ?allocate@?$allocator@VHardDisk@@@std@@QAEPAVHardDisk@@I@Z 00407140 f i DeviceNameResolver.obj
 0001:00006140       ?allocate@?$allocator@VDisassemblerAddressComment@@@std@@QAEPAVDisassemblerAddressComment@@I@Z 00407140 f i DisassemblerGui.obj
 0001:000061a0       ?AtlThrowImpl@ATL@@YGXJ@Z  004071a0 f i DisassemblerGui.obj
 0001:000061c0       ?DoDataExchange@DisassemblerGui@@QAEHHI@Z 004071c0 f i DisassemblerGui.obj
 0001:00006230       ?ProcessWindowMessage@DisassemblerGui@@UAEHPAUHWND__@@IIJAAJK@Z 00407230 f i DisassemblerGui.obj
 0001:00006400       ??0DisassemblerGui@@QAE@KPAVApiReader@@@Z 00407400 f   DisassemblerGui.obj
 0001:000065b0       ??_EDisassemblerGui@@UAEPAXI@Z 004075b0 f i * CIL library *:* CIL module *
 0001:000065b0       ??_GDisassemblerGui@@UAEPAXI@Z 004075b0 f i DisassemblerGui.obj
 0001:000065e0       ??1DisassemblerGui@@UAE@XZ 004075e0 f i DisassemblerGui.obj
 0001:000066d0       ??1?$CDialogImpl@VDumpMemoryGui@@VCWindow@ATL@@@ATL@@UAE@XZ 004076d0 f i DumpMemoryGui.obj
 0001:000066d0       ??1?$CHexEdit@K@@UAE@XZ    004076d0 f i DisassemblerGui.obj
 0001:000066d0       ??1?$CDialogImpl@VMainGui@@VCWindow@ATL@@@ATL@@UAE@XZ 004076d0 f i main.obj
 0001:000066d0       ??1?$CDialogImpl@VDisassemblerGui@@VCWindow@ATL@@@ATL@@UAE@XZ 004076d0 f i DisassemblerGui.obj
 0001:000066e0       ??1?$CDialogResize@VDisassemblerGui@@@WTL@@QAE@XZ 004076e0 f i DisassemblerGui.obj
 0001:000066e0       ??1?$CDialogResize@VMainGui@@@WTL@@QAE@XZ 004076e0 f i main.obj
 0001:000066e0       ??1?$CDialogResize@VDumpMemoryGui@@@WTL@@QAE@XZ 004076e0 f i DumpMemoryGui.obj
 0001:00006710       ??_G?$CHexEdit@K@@UAEPAXI@Z 00407710 f i DisassemblerGui.obj
 0001:00006710       ??_E?$CHexEdit@K@@UAEPAXI@Z 00407710 f i * CIL library *:* CIL module *
 0001:00006740       ?OnInitDialog@DisassemblerGui@@IAEHVCWindow@ATL@@J@Z 00407740 f   DisassemblerGui.obj
 0001:000067d0       ?OnContextMenu@DisassemblerGui@@IAEXVCWindow@ATL@@VCPoint@@@Z 004077d0 f   DisassemblerGui.obj
 0001:000069b0       ?OnNMCustomdraw@DisassemblerGui@@IAEJPAUtagNMHDR@@@Z 004079b0 f   DisassemblerGui.obj
 0001:00006a00       ?OnDisassemble@DisassemblerGui@@IAEXIHVCWindow@ATL@@@Z 00407a00 f   DisassemblerGui.obj
 0001:00006a60       ?disassembleNewAddress@DisassemblerGui@@AAEXK@Z 00407a60 f   DisassemblerGui.obj
 0001:00006b10       ?OnDisassembleForward@DisassemblerGui@@IAEXIHVCWindow@ATL@@@Z 00407b10 f   DisassemblerGui.obj
 0001:00006bb0       ?OnDisassembleBack@DisassemblerGui@@IAEXIHVCWindow@ATL@@@Z 00407bb0 f   DisassemblerGui.obj
 0001:00006c40       ?addColumnsToDisassembler@DisassemblerGui@@IAEXAAV?$CListViewCtrlT@VCWindow@ATL@@@WTL@@@Z 00407c40 f   DisassemblerGui.obj
 0001:00006d70       ?displayDisassembly@DisassemblerGui@@IAE_NXZ 00407d70 f   DisassemblerGui.obj
 0001:00007170       ?copyToClipboard@DisassemblerGui@@IAEXPB_W@Z 00408170 f   DisassemblerGui.obj
 0001:00007200       ?toUpperCase@DisassemblerGui@@AAEXPA_W@Z 00408200 f   DisassemblerGui.obj
 0001:00007260       ?doColorInstruction@DisassemblerGui@@AAEXPAUtagNMLVCUSTOMDRAW@@K@Z 00408260 f   DisassemblerGui.obj
 0001:000072e0       ?followInstruction@DisassemblerGui@@AAEXH@Z 004082e0 f   DisassemblerGui.obj
 0001:00007380       ?getDisassemblyComment@DisassemblerGui@@AAE_NI@Z 00408380 f   DisassemblerGui.obj
 0001:00007480       ?initAddressCommentList@DisassemblerGui@@AAEXXZ 00408480 f   DisassemblerGui.obj
 0001:00007580       ?addModuleAddressCommentEntry@DisassemblerGui@@AAEXKKPB_W@Z 00408580 f   DisassemblerGui.obj
 0001:00007680       ?analyzeAddress@DisassemblerGui@@AAEXKPA_W@Z 00408680 f   DisassemblerGui.obj
 0001:000077e0       ?GetWindowProc@?$CWindowImplBaseT@V?$CTreeViewCtrlExT@VCWindow@ATL@@@WTL@@V?$CWinTraitsOR@$0CA@$0A@V?$CWinTraits@$0FGAAAAAA@$0A@@ATL@@@ATL@@@ATL@@UAEP6GJPAUHWND__@@IIJ@ZXZ 004087e0 f i MainGui.obj
 0001:000077e0       ?GetWindowProc@?$CWindowImplBaseT@V?$CEditT@VCWindow@ATL@@@WTL@@V?$CWinTraits@$0FGAAAAAA@$0A@@ATL@@@ATL@@UAEP6GJPAUHWND__@@IIJ@ZXZ 004087e0 f i DisassemblerGui.obj
 0001:000077f0       ?ProcessWindowMessage@?$CHexEditImpl@V?$CHexEdit@K@@KV?$CEditT@VCWindow@ATL@@@WTL@@V?$CWinTraits@$0FGAAAAAA@$0A@@ATL@@@@UAEHPAUHWND__@@IIJAAJK@Z 004087f0 f i DisassemblerGui.obj
 0001:00007820       ?SetValue@?$CHexEditImpl@V?$CHexEdit@K@@KV?$CEditT@VCWindow@ATL@@@WTL@@V?$CWinTraits@$0FGAAAAAA@$0A@@ATL@@@@QAEXK_N@Z 00408820 f i DisassemblerGui.obj
 0001:00007870       ?GetValue@?$CHexEditImpl@V?$CHexEdit@K@@KV?$CEditT@VCWindow@ATL@@@WTL@@V?$CWinTraits@$0FGAAAAAA@$0A@@ATL@@@@QBEKXZ 00408870 f i DisassemblerGui.obj
 0001:000078c0       ?push_back@?$vector@KV?$allocator@K@std@@@std@@QAEXABK@Z 004088c0 f i DisassemblerGui.obj
 0001:00007930       ?ProcessWindowMessage@?$CDialogResize@VDisassemblerGui@@@WTL@@QAEHPAUHWND__@@IIJAAJK@Z 00408930 f i DisassemblerGui.obj
 0001:00007990       ?DlgResize_Init@?$CDialogResize@VDisassemblerGui@@@WTL@@QAEX_N0K@Z 00408990 f i DisassemblerGui.obj
 0001:00007cd0       ?GetItemText@?$CListViewCtrlT@VCWindow@ATL@@@WTL@@QBEHHHPA_WH@Z 00408cd0 f i DisassemblerGui.obj
 0001:00007d20       ?GetSubMenu@?$CMenuT@$00@WTL@@QBE?AV?$CMenuT@$0A@@2@H@Z 00408d20 f i DisassemblerGui.obj
 0001:00007d40       ??1?$CMenuT@$00@WTL@@QAE@XZ 00408d40 f i DisassemblerGui.obj
 0001:00007d60       ?TrackPopupMenu@?$CMenuT@$0A@@WTL@@QAEHIHHPAUHWND__@@PBUtagRECT@@@Z 00408d60 f i DisassemblerGui.obj
 0001:00007e10       ?GetDialogProc@?$CDialogImplBaseT@VCWindow@ATL@@@ATL@@UAEP6GHPAUHWND__@@IIJ@ZXZ 00408e10 f i DisassemblerGui.obj
 0001:00007e20       ?_ProcessWindowMessage@?$CHexEditImpl@V?$CHexEdit@K@@KV?$CEditT@VCWindow@ATL@@@WTL@@V?$CWinTraits@$0FGAAAAAA@$0A@@ATL@@@@QAEHPAUHWND__@@IIJAAJK@Z 00408e20 f i DisassemblerGui.obj
 0001:00007f00       ?_NumToString@?$CHexEditImpl@V?$CHexEdit@K@@KV?$CEditT@VCWindow@ATL@@@WTL@@V?$CWinTraits@$0FGAAAAAA@$0A@@ATL@@@@QBEXKQA_W_N@Z 00408f00 f i DisassemblerGui.obj
 0001:00007ff0       ?_StringToNum@?$CHexEditImpl@V?$CHexEdit@K@@KV?$CEditT@VCWindow@ATL@@@WTL@@V?$CWinTraits@$0FGAAAAAA@$0A@@ATL@@@@QBEKQB_W@Z 00408ff0 f i DisassemblerGui.obj
 0001:00008060       ?_Reserve@?$vector@KV?$allocator@K@std@@@std@@IAEXI@Z 00409060 f i DisassemblerGui.obj
 0001:000080c0       ?Add@?$CSimpleArray@U_AtlDlgResizeData@?$CDialogResize@VPickDllGui@@@WTL@@V?$CSimpleArrayEqualHelper@U_AtlDlgResizeData@?$CDialogResize@VPickDllGui@@@WTL@@@ATL@@@ATL@@QAEHABU_AtlDlgResizeData@?$CDialogResize@VPickDllGui@@@WTL@@@Z 004090c0 f i PickDllGui.obj
 0001:000080c0       ?Add@?$CSimpleArray@U_AtlDlgResizeData@?$CDialogResize@VPickApiGui@@@WTL@@V?$CSimpleArrayEqualHelper@U_AtlDlgResizeData@?$CDialogResize@VPickApiGui@@@WTL@@@ATL@@@ATL@@QAEHABU_AtlDlgResizeData@?$CDialogResize@VPickApiGui@@@WTL@@@Z 004090c0 f i PickApiGui.obj
 0001:000080c0       ?Add@?$CSimpleArray@U_AtlDlgResizeData@?$CDialogResize@VDisassemblerGui@@@WTL@@V?$CSimpleArrayEqualHelper@U_AtlDlgResizeData@?$CDialogResize@VDisassemblerGui@@@WTL@@@ATL@@@ATL@@QAEHABU_AtlDlgResizeData@?$CDialogResize@VDisassemblerGui@@@WTL@@@Z 004090c0 f i DisassemblerGui.obj
 0001:000080c0       ?Add@?$CSimpleArray@U_AtlDlgResizeData@?$CDialogResize@VDumpMemoryGui@@@WTL@@V?$CSimpleArrayEqualHelper@U_AtlDlgResizeData@?$CDialogResize@VDumpMemoryGui@@@WTL@@@ATL@@@ATL@@QAEHABU_AtlDlgResizeData@?$CDialogResize@VDumpMemoryGui@@@WTL@@@Z 004090c0 f i DumpMemoryGui.obj
 0001:000080c0       ?Add@?$CSimpleArray@U_AtlDlgResizeData@?$CDialogResize@VMainGui@@@WTL@@V?$CSimpleArrayEqualHelper@U_AtlDlgResizeData@?$CDialogResize@VMainGui@@@WTL@@@ATL@@@ATL@@QAEHABU_AtlDlgResizeData@?$CDialogResize@VMainGui@@@WTL@@@Z 004090c0 f i MainGui.obj
 0001:000080c0       ?Add@?$CSimpleArray@U_AtlDlgResizeData@?$CDialogResize@VDumpSectionGui@@@WTL@@V?$CSimpleArrayEqualHelper@U_AtlDlgResizeData@?$CDialogResize@VDumpSectionGui@@@WTL@@@ATL@@@ATL@@QAEHABU_AtlDlgResizeData@?$CDialogResize@VDumpSectionGui@@@WTL@@@Z 004090c0 f i DumpSectionGui.obj
 0001:00008160       ?OnSize@?$CDialogResize@VDisassemblerGui@@@WTL@@QAEJIIJAAH@Z 00409160 f i DisassemblerGui.obj
 0001:000081d0       ?OnChar@?$CHexEditImpl@V?$CHexEdit@K@@KV?$CEditT@VCWindow@ATL@@@WTL@@V?$CWinTraits@$0FGAAAAAA@$0A@@ATL@@@@QAEXIII@Z 004091d0 f i DisassemblerGui.obj
 0001:00008240       ?OnPaste@?$CHexEditImpl@V?$CHexEdit@K@@KV?$CEditT@VCWindow@ATL@@@WTL@@V?$CWinTraits@$0FGAAAAAA@$0A@@ATL@@@@QAEXXZ 00409240 f i DisassemblerGui.obj
 0001:000082f0       ?OnSetText@?$CHexEditImpl@V?$CHexEdit@K@@KV?$CEditT@VCWindow@ATL@@@WTL@@V?$CWinTraits@$0FGAAAAAA@$0A@@ATL@@@@QAEHPB_W@Z 004092f0 f i DisassemblerGui.obj
 0001:00008340       ?DlgResize_UpdateLayout@?$CDialogResize@VDisassemblerGui@@@WTL@@QAEXHH@Z 00409340 f i DisassemblerGui.obj
 0001:000085b0       ?_IsValidString@?$CHexEditImpl@V?$CHexEdit@K@@KV?$CEditT@VCWindow@ATL@@@WTL@@V?$CWinTraits@$0FGAAAAAA@$0A@@ATL@@@@QBE_NQB_W@Z 004095b0 f i DisassemblerGui.obj
 0001:00008610       ?DlgResize_PositionControl@?$CDialogResize@VDumpMemoryGui@@@WTL@@QAE_NHHAAUtagRECT@@AAU_AtlDlgResizeData@12@_NPAU412@@Z 00409610 f i DumpMemoryGui.obj
 0001:00008610       ?DlgResize_PositionControl@?$CDialogResize@VDumpSectionGui@@@WTL@@QAE_NHHAAUtagRECT@@AAU_AtlDlgResizeData@12@_NPAU412@@Z 00409610 f i DumpSectionGui.obj
 0001:00008610       ?DlgResize_PositionControl@?$CDialogResize@VPickApiGui@@@WTL@@QAE_NHHAAUtagRECT@@AAU_AtlDlgResizeData@12@_NPAU412@@Z 00409610 f i PickApiGui.obj
 0001:00008610       ?DlgResize_PositionControl@?$CDialogResize@VDisassemblerGui@@@WTL@@QAE_NHHAAUtagRECT@@AAU_AtlDlgResizeData@12@_NPAU412@@Z 00409610 f i DisassemblerGui.obj
 0001:00008610       ?DlgResize_PositionControl@?$CDialogResize@VPickDllGui@@@WTL@@QAE_NHHAAUtagRECT@@AAU_AtlDlgResizeData@12@_NPAU412@@Z 00409610 f i PickDllGui.obj
 0001:000089b0       ?DialogProc@?$CDialogImplBaseT@VCWindow@ATL@@@ATL@@SGHPAUHWND__@@IIJ@Z 004099b0 f i DisassemblerGui.obj
 0001:00008ab0       ?WindowProc@?$CWindowImplBaseT@V?$CTreeViewCtrlExT@VCWindow@ATL@@@WTL@@V?$CWinTraitsOR@$0CA@$0A@V?$CWinTraits@$0FGAAAAAA@$0A@@ATL@@@ATL@@@ATL@@SGJPAUHWND__@@IIJ@Z 00409ab0 f i MainGui.obj
 0001:00008ab0       ?WindowProc@?$CWindowImplBaseT@V?$CEditT@VCWindow@ATL@@@WTL@@V?$CWinTraits@$0FGAAAAAA@$0A@@ATL@@@ATL@@SGJPAUHWND__@@IIJ@Z 00409ab0 f i DisassemblerGui.obj
 0001:00008bd0       ??$swprintf_s@$0BPE@@@YAHAAY0BPE@_WPB_WZZ 00409bd0 f i DisassemblerGui.obj
 0001:00008bf0       ?SubclassWindow@?$CHexEditImpl@V?$CHexEdit@K@@KV?$CEditT@VCWindow@ATL@@@WTL@@V?$CWinTraits@$0FGAAAAAA@$0A@@ATL@@@@QAEHPAUHWND__@@@Z 00409bf0 f i DisassemblerGui.obj
 0001:00008c60       ??$_Sort_unchecked1@PAVDisassemblerAddressComment@@HU?$less@X@std@@@std@@YAXPAVDisassemblerAddressComment@@0HAAU?$less@X@0@@Z 00409c60 f i DisassemblerGui.obj
 0001:00008d80       ??$_Partition_by_median_guess_unchecked@PAVDisassemblerAddressComment@@U?$less@X@std@@@std@@YA?AU?$pair@PAVDisassemblerAddressComment@@PAV1@@0@PAVDisassemblerAddressComment@@0AAU?$less@X@0@@Z 00409d80 f i DisassemblerGui.obj
 0001:00009070       ??$_Make_heap_unchecked@PAVDisassemblerAddressComment@@U?$less@X@std@@@std@@YAXPAVDisassemblerAddressComment@@0AAU?$less@X@0@@Z 0040a070 f i DisassemblerGui.obj
 0001:000090f0       ??$_Sort_heap_unchecked@PAVDisassemblerAddressComment@@U?$less@X@std@@@std@@YAXPAVDisassemblerAddressComment@@0AAU?$less@X@0@@Z 0040a0f0 f i DisassemblerGui.obj
 0001:000091b0       ??$_Insertion_sort_unchecked@PAVDisassemblerAddressComment@@U?$less@X@std@@@std@@YAXPAVDisassemblerAddressComment@@0AAU?$less@X@0@@Z 0040a1b0 f i DisassemblerGui.obj
 0001:00009280       ??$_Guess_median_unchecked@PAVDisassemblerAddressComment@@U?$less@X@std@@@std@@YAXPAVDisassemblerAddressComment@@00AAU?$less@X@0@@Z 0040a280 f i DisassemblerGui.obj
 0001:00009330       ??$_Pop_heap_hole_by_index@PAVDisassemblerAddressComment@@HV1@U?$less@X@std@@@std@@YAXPAVDisassemblerAddressComment@@HH$$QAV1@AAU?$less@X@0@@Z 0040a330 f i DisassemblerGui.obj
 0001:000093f0       ??$_Med3_unchecked@PAVDisassemblerAddressComment@@U?$less@X@std@@@std@@YAXPAVDisassemblerAddressComment@@00AAU?$less@X@0@@Z 0040a3f0 f i DisassemblerGui.obj
 0001:00009490       ??$_Push_heap_by_index@PAVDisassemblerAddressComment@@HV1@U?$less@X@std@@@std@@YAXPAVDisassemblerAddressComment@@HH$$QAV1@AAU?$less@X@0@@Z 0040a490 f i DisassemblerGui.obj
 0001:00009500       ?dllInjection@DllInjection@@QAEPAUHINSTANCE__@@PAXPB_W@Z 0040a500 f   DllInjection.obj
 0001:000095d0       ?unloadDllInProcess@DllInjection@@QAE_NPAXPAUHINSTANCE__@@@Z 0040a5d0 f   DllInjection.obj
 0001:00009650       ?startRemoteThread@DllInjection@@QAEPAXPAX00@Z 0040a650 f   DllInjection.obj
 0001:000096a0       ?customCreateRemoteThread@DllInjection@@AAEPAXPAX00@Z 0040a6a0 f   DllInjection.obj
 0001:00009710       ?injectPlugin@DllInjectionPlugin@@QAEXAAVPlugin@@AAV?$map@KVImportModuleThunk@@U?$less@K@std@@V?$allocator@U?$pair@$$CBKVImportModuleThunk@@@std@@@3@@std@@KK@Z 0040a710 f   DllInjectionPlugin.obj
 0001:00009880       ?injectImprecPlugin@DllInjectionPlugin@@QAEXAAVPlugin@@AAV?$map@KVImportModuleThunk@@U?$less@K@std@@V?$allocator@U?$pair@$$CBKVImportModuleThunk@@@std@@@3@@std@@KK@Z 0040a880 f   DllInjectionPlugin.obj
 0001:000099a0       ?getNumberOfUnresolvedImports@DllInjectionPlugin@@AAEKAAV?$map@KVImportModuleThunk@@U?$less@K@std@@V?$allocator@U?$pair@$$CBKVImportModuleThunk@@@std@@@3@@std@@@Z 0040a9a0 f   DllInjectionPlugin.obj
 0001:00009a10       ?addUnresolvedImports@DllInjectionPlugin@@AAEXPAU_UNRESOLVED_IMPORT@@AAV?$map@KVImportModuleThunk@@U?$less@K@std@@V?$allocator@U?$pair@$$CBKVImportModuleThunk@@@std@@@3@@std@@@Z 0040aa10 f   DllInjectionPlugin.obj
 0001:00009ab0       ?handlePluginResults@DllInjectionPlugin@@AAEXPAU_SCYLLA_EXCHANGE@@AAV?$map@KVImportModuleThunk@@U?$less@K@std@@V?$allocator@U?$pair@$$CBKVImportModuleThunk@@@std@@@3@@std@@@Z 0040aab0 f   DllInjectionPlugin.obj
 0001:00009b60       ?updateImportsWithPluginResult@DllInjectionPlugin@@AAEXPAU_UNRESOLVED_IMPORT@@AAV?$map@KVImportModuleThunk@@U?$less@K@std@@V?$allocator@U?$pair@$$CBKVImportModuleThunk@@@std@@@3@@std@@@Z 0040ab60 f   DllInjectionPlugin.obj
 0001:00009ce0       ?OnInitDialog@DonateGui@@IAEHVCWindow@ATL@@J@Z 0040ace0 f   DonateGui.obj
 0001:00009d40       ?CopyBtcAddress@DonateGui@@IAEXIHVCWindow@ATL@@@Z 0040ad40 f   DonateGui.obj
 0001:00009da0       ?ProcessWindowMessage@DumpMemoryGui@@UAEHPAUHWND__@@IIJAAJK@Z 0040ada0 f i DumpMemoryGui.obj
 0001:00009f00       ??0DumpMemoryGui@@QAE@XZ   0040af00 f   DumpMemoryGui.obj
 0001:0000a090       ??_GDumpMemoryGui@@UAEPAXI@Z 0040b090 f i DumpMemoryGui.obj
 0001:0000a090       ??_EDumpMemoryGui@@UAEPAXI@Z 0040b090 f i * CIL library *:* CIL module *
 0001:0000a0c0       ??1DumpMemoryGui@@UAE@XZ   0040b0c0 f   DumpMemoryGui.obj
 0001:0000a1a0       ??_GDeviceNameResolver@@QAEPAXI@Z 0040b1a0 f i DumpMemoryGui.obj
 0001:0000a200       ?OnInitDialog@DumpMemoryGui@@IAEHVCWindow@ATL@@J@Z 0040b200 f   DumpMemoryGui.obj
 0001:0000a420       ?addColumnsToMemoryList@DumpMemoryGui@@IAEXAAV?$CListViewCtrlT@VCWindow@ATL@@@WTL@@@Z 0040b420 f   DumpMemoryGui.obj
 0001:0000a5f0       ?displayMemoryList@DumpMemoryGui@@IAEXAAV?$CListViewCtrlT@VCWindow@ATL@@@WTL@@@Z 0040b5f0 f   DumpMemoryGui.obj
 0001:0000ac80       ?getMemoryStateString@DumpMemoryGui@@CAPB_WK@Z 0040bc80 f   DumpMemoryGui.obj
 0001:0000acb0       ?getMemoryProtectionString@DumpMemoryGui@@CAPA_WK@Z 0040bcb0 f   DumpMemoryGui.obj
 0001:0000ae70       ?OnListMemoryColumnClicked@DumpMemoryGui@@IAEJPAUtagNMHDR@@@Z 0040be70 f   DumpMemoryGui.obj
 0001:0000aed0       ?OnListMemoryClick@DumpMemoryGui@@IAEJPAUtagNMHDR@@@Z 0040bed0 f   DumpMemoryGui.obj
 0001:0000af50       ?OnOK@DumpMemoryGui@@IAEXIHVCWindow@ATL@@@Z 0040bf50 f   DumpMemoryGui.obj
 0001:0000b050       ?updateAddressAndSize@DumpMemoryGui@@AAEXPAVMemory@@@Z 0040c050 f   DumpMemoryGui.obj
 0001:0000b0d0       ?listviewCompareFunc@DumpMemoryGui@@KGHJJJ@Z 0040c0d0 f   DumpMemoryGui.obj
 0001:0000b1e0       ?getMemoryList@DumpMemoryGui@@AAEXXZ 0040c1e0 f   DumpMemoryGui.obj
 0001:0000b4b0       ?setSectionName@DumpMemoryGui@@AAEXKKPB_W@Z 0040c4b0 f   DumpMemoryGui.obj
 0001:0000b5d0       ?setModuleName@DumpMemoryGui@@AAEXKPB_W@Z 0040c5d0 f   DumpMemoryGui.obj
 0001:0000b650       ?setAllSectionNames@DumpMemoryGui@@AAEXKPA_W@Z 0040c650 f   DumpMemoryGui.obj
 0001:0000b750       ?dumpMemory@DumpMemoryGui@@AAE_NXZ 0040c750 f   DumpMemoryGui.obj
 0001:0000b830       ??1?$vector@VMemory@@V?$allocator@VMemory@@@std@@@std@@QAE@XZ 0040c830 f i DumpMemoryGui.obj
 0001:0000b870       ?ProcessWindowMessage@?$CDialogResize@VPickDllGui@@@WTL@@QAEHPAUHWND__@@IIJAAJK@Z 0040c870 f i PickDllGui.obj
 0001:0000b870       ?ProcessWindowMessage@?$CDialogResize@VDumpMemoryGui@@@WTL@@QAEHPAUHWND__@@IIJAAJK@Z 0040c870 f i DumpMemoryGui.obj
 0001:0000b870       ?ProcessWindowMessage@?$CDialogResize@VDumpSectionGui@@@WTL@@QAEHPAUHWND__@@IIJAAJK@Z 0040c870 f i DumpSectionGui.obj
 0001:0000b870       ?ProcessWindowMessage@?$CDialogResize@VPickApiGui@@@WTL@@QAEHPAUHWND__@@IIJAAJK@Z 0040c870 f i PickApiGui.obj
 0001:0000b8d0       ?DlgResize_Init@?$CDialogResize@VDumpMemoryGui@@@WTL@@QAEX_N0K@Z 0040c8d0 f i DumpMemoryGui.obj
 0001:0000bc10       ?GetItemData@?$CListViewCtrlT@VCWindow@ATL@@@WTL@@QBEKH@Z 0040cc10 f i DumpMemoryGui.obj
 0001:0000bc60       ?_Reserve@?$vector@VMemory@@V?$allocator@VMemory@@@std@@@std@@IAEXI@Z 0040cc60 f i DumpMemoryGui.obj
 0001:0000bcf0       ?_Reallocate@?$vector@VMemory@@V?$allocator@VMemory@@@std@@@std@@IAEXI@Z 0040ccf0 f i DumpMemoryGui.obj
 0001:0000bd70       ?OnSize@?$CDialogResize@VPickDllGui@@@WTL@@QAEJIIJAAH@Z 0040cd70 f i PickDllGui.obj
 0001:0000bd70       ?OnSize@?$CDialogResize@VPickApiGui@@@WTL@@QAEJIIJAAH@Z 0040cd70 f i PickApiGui.obj
 0001:0000bd70       ?OnSize@?$CDialogResize@VDumpMemoryGui@@@WTL@@QAEJIIJAAH@Z 0040cd70 f i DumpMemoryGui.obj
 0001:0000bd70       ?OnSize@?$CDialogResize@VDumpSectionGui@@@WTL@@QAEJIIJAAH@Z 0040cd70 f i DumpSectionGui.obj
 0001:0000bde0       ?deallocate@?$_Wrap_alloc@V?$allocator@VMemory@@@std@@@std@@QAEXPAVMemory@@I@Z 0040cde0 f i DumpMemoryGui.obj
 0001:0000be40       ?DlgResize_UpdateLayout@?$CDialogResize@VPickApiGui@@@WTL@@QAEXHH@Z 0040ce40 f i PickApiGui.obj
 0001:0000be40       ?DlgResize_UpdateLayout@?$CDialogResize@VDumpMemoryGui@@@WTL@@QAEXHH@Z 0040ce40 f i DumpMemoryGui.obj
 0001:0000be40       ?DlgResize_UpdateLayout@?$CDialogResize@VPickDllGui@@@WTL@@QAEXHH@Z 0040ce40 f i PickDllGui.obj
 0001:0000be40       ?DlgResize_UpdateLayout@?$CDialogResize@VDumpSectionGui@@@WTL@@QAEXHH@Z 0040ce40 f i DumpSectionGui.obj
 0001:0000c110       ?allocate@?$allocator@VMemory@@@std@@QAEPAVMemory@@I@Z 0040d110 f i DumpMemoryGui.obj
 0001:0000c170       ??$swprintf_s@$0BE@@@YAHAAY0BE@_WPB_WZZ 0040d170 f i DumpMemoryGui.obj
 0001:0000c190       ??$swprintf_s@$0CH@@@YAHAAY0CH@_WPB_WZZ 0040d190 f i DumpMemoryGui.obj
 0001:0000c1b0       ?DoDataExchange@DumpSectionGui@@QAEHHI@Z 0040d1b0 f i DumpSectionGui.obj
 0001:0000c220       ?ProcessWindowMessage@DumpSectionGui@@UAEHPAUHWND__@@IIJAAJK@Z 0040d220 f i DumpSectionGui.obj
 0001:0000c460       ??0DumpSectionGui@@QAE@XZ  0040d460 f   DumpSectionGui.obj
 0001:0000c540       ??_EDumpSectionGui@@UAEPAXI@Z 0040d540 f i * CIL library *:* CIL module *
 0001:0000c540       ??_GDumpSectionGui@@UAEPAXI@Z 0040d540 f i DumpSectionGui.obj
 0001:0000c570       ??1DumpSectionGui@@UAE@XZ  0040d570 f   DumpSectionGui.obj
 0001:0000c620       ?OnInitDialog@DumpSectionGui@@AAEHVCWindow@ATL@@J@Z 0040d620 f   DumpSectionGui.obj
 0001:0000c680       ?OnListSectionColumnClicked@DumpSectionGui@@AAEJPAUtagNMHDR@@@Z 0040d680 f   DumpSectionGui.obj
 0001:0000c6e0       ?OnListDoubleClick@DumpSectionGui@@AAEJPAUtagNMHDR@@@Z 0040d6e0 f   DumpSectionGui.obj
 0001:0000c8b0       ?listviewCompareFunc@DumpSectionGui@@CGHJJJ@Z 0040d8b0 f   DumpSectionGui.obj
 0001:0000c950       ?addColumnsToSectionList@DumpSectionGui@@AAEXAAV?$CListViewCtrlT@VCWindow@ATL@@@WTL@@@Z 0040d950 f   DumpSectionGui.obj
 0001:0000cab0       ?displaySectionList@DumpSectionGui@@AAEXAAV?$CListViewCtrlT@VCWindow@ATL@@@WTL@@@Z 0040dab0 f   DumpSectionGui.obj
 0001:0000cf00       ?OnNMCustomdraw@DumpSectionGui@@AAEJPAUtagNMHDR@@@Z 0040df00 f   DumpSectionGui.obj
 0001:0000cf70       ?getAllSectionsFromFile@DumpSectionGui@@AAEXXZ 0040df70 f   DumpSectionGui.obj
 0001:0000d100       ?updateEditedItem@DumpSectionGui@@AAEXXZ 0040e100 f   DumpSectionGui.obj
 0001:0000d1d0       ?updateCheckState@DumpSectionGui@@AAEXXZ 0040e1d0 f   DumpSectionGui.obj
 0001:0000d290       ?selectOrDeselectAll@DumpSectionGui@@AAEXXZ 0040e290 f   DumpSectionGui.obj
 0001:0000d350       ?push_back@?$vector@VPeSection@@V?$allocator@VPeSection@@@std@@@std@@QAEXABVPeSection@@@Z 0040e350 f i DumpSectionGui.obj
 0001:0000d400       ?DlgResize_Init@?$CDialogResize@VDumpSectionGui@@@WTL@@QAEX_N0K@Z 0040e400 f i DumpSectionGui.obj
 0001:0000d740       ?_Reserve@?$vector@VPeSection@@V?$allocator@VPeSection@@@std@@@std@@IAEXI@Z 0040e740 f i DumpSectionGui.obj
 0001:0000d7d0       ?_Reallocate@?$vector@VPeSection@@V?$allocator@VPeSection@@@std@@@std@@IAEXI@Z 0040e7d0 f i DumpSectionGui.obj
 0001:0000d8a0       ?deallocate@?$_Wrap_alloc@V?$allocator@VPeSection@@@std@@@std@@QAEXPAVPeSection@@I@Z 0040e8a0 f i DumpSectionGui.obj
 0001:0000d900       ??0ProcessLister@@QAE@XZ   0040e900 f i FunctionExport.obj
 0001:0000d9c0       ??1ProcessLister@@QAE@XZ   0040e9c0 f i FunctionExport.obj
 0001:0000da70       ??0ImportRebuilder@@QAE@PB_W@Z 0040ea70 f i FunctionExport.obj
 0001:0000dae0       ??1?$map@KVImportModuleThunk@@U?$less@K@std@@V?$allocator@U?$pair@$$CBKVImportModuleThunk@@@std@@@3@@std@@QAE@XZ 0040eae0 f i FunctionExport.obj
 0001:0000db10       ??1ImportRebuilder@@QAE@XZ 0040eb10 f i FunctionExport.obj
 0001:0000db20       ??1?$vector@VProcess@@V?$allocator@VProcess@@@std@@@std@@QAE@XZ 0040eb20 f i FunctionExport.obj
 0001:0000db70       ?erase@?$_Tree@V?$_Tmap_traits@KVImportModuleThunk@@U?$less@K@std@@V?$allocator@U?$pair@$$CBKVImportModuleThunk@@@std@@@3@$0A@@std@@@std@@QAE?AV?$_Tree_iterator@V?$_Tree_val@U?$_Tree_simple_types@U?$pair@$$CBKVImportModuleThunk@@@std@@@std@@@std@@@2@V?$_Tree_const_iterator@V?$_Tree_val@U?$_Tree_simple_types@U?$pair@$$CBKVImportModuleThunk@@@std@@@std@@@std@@@2@0@Z 0040eb70 f i FunctionExport.obj
 0001:0000dc30       ?deallocate@?$_Wrap_alloc@V?$allocator@VProcess@@@std@@@std@@QAEXPAVProcess@@I@Z 0040ec30 f i FunctionExport.obj
 0001:0000dc90       ?erase@?$_Tree@V?$_Tmap_traits@KVImportModuleThunk@@U?$less@K@std@@V?$allocator@U?$pair@$$CBKVImportModuleThunk@@@std@@@3@$0A@@std@@@std@@QAE?AV?$_Tree_iterator@V?$_Tree_val@U?$_Tree_simple_types@U?$pair@$$CBKVImportModuleThunk@@@std@@@std@@@std@@@2@V?$_Tree_const_iterator@V?$_Tree_val@U?$_Tree_simple_types@U?$pair@$$CBKVImportModuleThunk@@@std@@@std@@@std@@@2@@Z 0040ec90 f i FunctionExport.obj
 0001:0000e090       ?_Buyheadnode@?$_Tree_comp_alloc@V?$_Tmap_traits@KVImportModuleThunk@@U?$less@K@std@@V?$allocator@U?$pair@$$CBKVImportModuleThunk@@@std@@@3@$0A@@std@@@std@@QAEPAU?$_Tree_node@U?$pair@$$CBKVImportModuleThunk@@@std@@PAX@2@XZ 0040f090 f i FunctionExport.obj
 0001:0000e0c0       ?numberOfFoundUniqueDirectImports@IATReferenceScan@@QAEHXZ 0040f0c0 f   IATReferenceScan.obj
 0001:0000e170       ?numberOfDirectImportApisNotInIat@IATReferenceScan@@QAEHXZ 0040f170 f   IATReferenceScan.obj
 0001:0000e220       ?startScan@IATReferenceScan@@QAEXKKKK@Z 0040f220 f   IATReferenceScan.obj
 0001:0000e320       ?scanMemoryPage@IATReferenceScan@@AAEXPAXK@Z 0040f320 f   IATReferenceScan.obj
 0001:0000e4d0       ?analyzeInstruction@IATReferenceScan@@AAEXPAU_DInst@@@Z 0040f4d0 f   IATReferenceScan.obj
 0001:0000e5f0       ?findNormalIatReference@IATReferenceScan@@AAEXPAU_DInst@@@Z 0040f5f0 f   IATReferenceScan.obj
 0001:0000e730       ?patchDirectImportInMemory@IATReferenceScan@@AAEXPAVIATReference@@@Z 0040f730 f   IATReferenceScan.obj
 0001:0000e7d0       ?lookUpIatForPointer@IATReferenceScan@@AAEKK@Z 0040f7d0 f   IATReferenceScan.obj
 0001:0000e860       ?patchNewIat@IATReferenceScan@@QAEXKKPAVPeParser@@@Z 0040f860 f   IATReferenceScan.obj
 0001:0000e9a0       ?printDirectImportLog@IATReferenceScan@@QAEXXZ 0040f9a0 f   IATReferenceScan.obj
 0001:0000eab0       ?checkMemoryRangeAndAddToList@IATReferenceScan@@AAEXPAVIATReference@@PAU_DInst@@@Z 0040fab0 f   IATReferenceScan.obj
 0001:0000eba0       ?patchDirectJumpTableEntry@IATReferenceScan@@AAEXKKKPAVPeParser@@PAEK@Z 0040fba0 f   IATReferenceScan.obj
 0001:0000edc0       ?patchDirectJumpTable@IATReferenceScan@@QAEXKKPAVPeParser@@PAEK@Z 0040fdc0 f   IATReferenceScan.obj
 0001:0000ef20       ?addAdditionalApisToList@IATReferenceScan@@QAEKXZ 0040ff20 f   IATReferenceScan.obj
 0001:0000f0b0       ?_Reserve@?$vector@VIATReference@@V?$allocator@VIATReference@@@std@@@std@@IAEXI@Z 004100b0 f i IATReferenceScan.obj
 0001:0000f140       ?_Reallocate@?$vector@VIATReference@@V?$allocator@VIATReference@@@std@@@std@@IAEXI@Z 00410140 f i IATReferenceScan.obj
 0001:0000f1c0       ?deallocate@?$_Wrap_alloc@V?$allocator@VIATReference@@@std@@@std@@QAEXPAVIATReference@@I@Z 004101c0 f i IATReferenceScan.obj
 0001:0000f220       ?allocate@?$allocator@VIATReference@@@std@@QAEPAVIATReference@@I@Z 00410220 f i IATReferenceScan.obj
 0001:0000f280       ?_Buyheadnode@?$_Tree_comp_alloc@V?$_Tset_traits@KU?$less@K@std@@V?$allocator@K@2@$0A@@std@@@std@@QAEPAU?$_Tree_node@KPAX@2@XZ 00410280 f i IATReferenceScan.obj
 0001:0000f2b0       ??$_Insert_nohint@ABKU_Nil@std@@@?$_Tree@V?$_Tset_traits@KU?$less@K@std@@V?$allocator@K@2@$0A@@std@@@std@@IAE?AU?$pair@V?$_Tree_const_iterator@V?$_Tree_val@U?$_Tree_simple_types@K@std@@@std@@@std@@_N@1@_NABKU_Nil@1@@Z 004102b0 f i IATReferenceScan.obj
 0001:0000f2b0       ??$_Insert_nohint@KU_Nil@std@@@?$_Tree@V?$_Tset_traits@KU?$less@K@std@@V?$allocator@K@2@$0A@@std@@@std@@IAE?AU?$pair@V?$_Tree_const_iterator@V?$_Tree_val@U?$_Tree_simple_types@K@std@@@std@@@std@@_N@1@_N$$QAKU_Nil@1@@Z 004102b0 f i IATSearch.obj
 0001:0000f3b0       ??$_Insert_at@KU_Nil@std@@@?$_Tree@V?$_Tset_traits@KU?$less@K@std@@V?$allocator@K@2@$0A@@std@@@std@@IAE?AV?$_Tree_const_iterator@V?$_Tree_val@U?$_Tree_simple_types@K@std@@@std@@@1@_NPAU?$_Tree_node@KPAX@1@$$QAKU_Nil@1@@Z 004103b0 f i IATSearch.obj
 0001:0000f3b0       ??$_Insert_at@ABKU_Nil@std@@@?$_Tree@V?$_Tset_traits@KU?$less@K@std@@V?$allocator@K@2@$0A@@std@@@std@@IAE?AV?$_Tree_const_iterator@V?$_Tree_val@U?$_Tree_simple_types@K@std@@@std@@@1@_NPAU?$_Tree_node@KPAX@1@ABKU_Nil@1@@Z 004103b0 f i IATReferenceScan.obj
 0001:0000f5c0       ??$_Buynode@K@?$_Tree_comp_alloc@V?$_Tset_traits@KU?$less@K@std@@V?$allocator@K@2@$0A@@std@@@std@@QAEPAU?$_Tree_node@KPAX@1@$$QAK@Z 004105c0 f i IATSearch.obj
 0001:0000f5c0       ??$_Buynode@ABK@?$_Tree_comp_alloc@V?$_Tset_traits@KU?$less@K@std@@V?$allocator@K@2@$0A@@std@@@std@@QAEPAU?$_Tree_node@KPAX@1@ABK@Z 004105c0 f i IATReferenceScan.obj
 0001:0000f5e0       ?_Buynode0@?$_Tree_comp_alloc@V?$_Tset_traits@KU?$less@K@std@@V?$allocator@K@2@$0A@@std@@@std@@QAEPAU?$_Tree_node@KPAX@2@XZ 004105e0 f i IATReferenceScan.obj
 0001:0000f620       ?findIATAdvanced@IATSearch@@AAE_NKPAK0@Z 00410620 f   IATSearch.obj
 0001:0000f860       ?findAPIAddressInIAT@IATSearch@@AAEKK@Z 00410860 f   IATSearch.obj
 0001:0000fac0       ?findNextFunctionAddress@IATSearch@@AAEKXZ 00410ac0 f   IATSearch.obj
 0001:0000fb20       ?findIATPointer@IATSearch@@AAEKXZ 00410b20 f   IATSearch.obj
 0001:0000fb80       ?findIATStartAndSize@IATSearch@@AAE_NKPAK0@Z 00410b80 f   IATSearch.obj
 0001:0000fc30       ?findIATStartAddress@IATSearch@@AAEKKKPAE@Z 00410c30 f   IATSearch.obj
 0001:0000fd40       ?findIATSize@IATSearch@@AAEKKKPAEK@Z 00410d40 f   IATSearch.obj
 0001:0000fe40       ?findIATPointers@IATSearch@@AAEXAAV?$set@KU?$less@K@std@@V?$allocator@K@2@@std@@@Z 00410e40 f   IATSearch.obj
 0001:0000fec0       ?findExecutableMemoryPagesByStartAddress@IATSearch@@AAEXKPAK0@Z 00410ec0 f   IATSearch.obj
 0001:0000ff80       ?filterIATPointersList@IATSearch@@AAEXAAV?$set@KU?$less@K@std@@V?$allocator@K@2@@std@@@Z 00410f80 f   IATSearch.obj
 0001:00010210       ?getMemoryBaseAndSizeForIat@IATSearch@@AAEXKPAK0@Z 00411210 f   IATSearch.obj
 0001:00010310       ?rebuildImportTable@ImportRebuilder@@QAE_NPB_WAAV?$map@KVImportModuleThunk@@U?$less@K@std@@V?$allocator@U?$pair@$$CBKVImportModuleThunk@@@std@@@3@@std@@@Z 00411310 f   ImportRebuilder.obj
 0001:00010420       ?buildNewImportTable@ImportRebuilder@@AAE_NAAV?$map@KVImportModuleThunk@@U?$less@K@std@@V?$allocator@U?$pair@$$CBKVImportModuleThunk@@@std@@@3@@std@@@Z 00411420 f   ImportRebuilder.obj
 0001:00010570       ?createNewImportSection@ImportRebuilder@@AAE_NAAV?$map@KVImportModuleThunk@@U?$less@K@std@@V?$allocator@U?$pair@$$CBKVImportModuleThunk@@@std@@@3@@std@@@Z 00411570 f   ImportRebuilder.obj
 0001:00010690       ?setFlagToIATSection@ImportRebuilder@@AAEXK@Z 00411690 f   ImportRebuilder.obj
 0001:00010710       ?fillImportSection@ImportRebuilder@@AAEKAAV?$map@KVImportModuleThunk@@U?$less@K@std@@V?$allocator@U?$pair@$$CBKVImportModuleThunk@@@std@@@3@@std@@@Z 00411710 f   ImportRebuilder.obj
 0001:000108d0       ?addImportDescriptor@ImportRebuilder@@AAEIPAVImportModuleThunk@@KK@Z 004118d0 f   ImportRebuilder.obj
 0001:00010a80       ?addSpecialImportDescriptor@ImportRebuilder@@AAEXKK@Z 00411a80 f   ImportRebuilder.obj
 0001:00010b30       ?calculateImportSizes@ImportRebuilder@@AAEXAAV?$map@KVImportModuleThunk@@U?$less@K@std@@V?$allocator@U?$pair@$$CBKVImportModuleThunk@@@std@@@3@@std@@@Z 00411b30 f   ImportRebuilder.obj
 0001:00010c60       ?addImportToImportTable@ImportRebuilder@@AAEIPAVImportThunk@@PAU_IMAGE_THUNK_DATA32@@PAU_IMAGE_IMPORT_BY_NAME@@K@Z 00411c60 f   ImportRebuilder.obj
 0001:00010d30       ?getMemoryPointerFromRVA@ImportRebuilder@@AAEPAEK@Z 00411d30 f   ImportRebuilder.obj
 0001:00010e30       ?patchFileForNewIatLocation@ImportRebuilder@@AAEXXZ 00411e30 f   ImportRebuilder.obj
 0001:00010e90       ?changeIatBaseAddress@ImportRebuilder@@AAEXAAV?$map@KVImportModuleThunk@@U?$less@K@std@@V?$allocator@U?$pair@$$CBKVImportModuleThunk@@@std@@@3@@std@@@Z 00411e90 f   ImportRebuilder.obj
 0001:00010f10       ?patchFileForDirectImportJumpTable@ImportRebuilder@@AAEXXZ 00411f10 f   ImportRebuilder.obj
 0001:00010fe0       ??$insert@V?$_Tree_iterator@V?$_Tree_val@U?$_Tree_simple_types@U?$pair@$$CBKVImportModuleThunk@@@std@@@std@@@std@@@std@@@?$_Tree@V?$_Tmap_traits@KVImportModuleThunk@@U?$less@K@std@@V?$allocator@U?$pair@$$CBKVImportModuleThunk@@@std@@@3@$0A@@std@@@std@@QAEXV?$_Tree_iterator@V?$_Tree_val@U?$_Tree_simple_types@U?$pair@$$CBKVImportModuleThunk@@@std@@@std@@@std@@@1@0@Z 00411fe0 f i ImportRebuilder.obj
 0001:00011030       ??$_Buynode@AAU?$pair@$$CBKVImportModuleThunk@@@std@@@?$_Tree_comp_alloc@V?$_Tmap_traits@KVImportModuleThunk@@U?$less@K@std@@V?$allocator@U?$pair@$$CBKVImportModuleThunk@@@std@@@3@$0A@@std@@@std@@QAEPAU?$_Tree_node@U?$pair@$$CBKVImportModuleThunk@@@std@@PAX@1@AAU?$pair@$$CBKVImportModuleThunk@@@1@@Z 00412030 f i ImportRebuilder.obj
 0001:000110b0       ??$_Insert_hint@AAU?$pair@$$CBKVImportModuleThunk@@@std@@PAU?$_Tree_node@U?$pair@$$CBKVImportModuleThunk@@@std@@PAX@2@@?$_Tree@V?$_Tmap_traits@KVImportModuleThunk@@U?$less@K@std@@V?$allocator@U?$pair@$$CBKVImportModuleThunk@@@std@@@3@$0A@@std@@@std@@IAE?AV?$_Tree_iterator@V?$_Tree_val@U?$_Tree_simple_types@U?$pair@$$CBKVImportModuleThunk@@@std@@@std@@@std@@@1@V?$_Tree_const_iterator@V?$_Tree_val@U?$_Tree_simple_types@U?$pair@$$CBKVImportModuleThunk@@@std@@@std@@@std@@@1@AAU?$pair@$$CBKVImportModuleThunk@@@1@PAU?$_Tree_node@U?$pair@$$CBKVImportModuleThunk@@@std@@PAX@1@@Z 004120b0 f i ImportRebuilder.obj
 0001:000112c0       ??0?$pair@$$CBKVImportModuleThunk@@@std@@QAE@ABU01@@Z 004122c0 f i ImportRebuilder.obj
 0001:00011340       ??0exception@std@@QAE@QBD@Z 00412340 f i ImportsHandling.obj
 0001:00011380       ??0exception@std@@QAE@ABV01@@Z 00412380 f i ImportsHandling.obj
 0001:000113b0       ?what@exception@std@@UBEPBDXZ 004123b0 f i ImportsHandling.obj
 0001:000113c0       ??_Eexception@std@@UAEPAXI@Z 004123c0 f i * CIL library *:* CIL module *
 0001:000113c0       ??_Gexception@std@@UAEPAXI@Z 004123c0 f i ImportsHandling.obj
 0001:000113f0       ?isValid@ImportModuleThunk@@QBE_NXZ 004123f0 f   ImportsHandling.obj
 0001:00011430       ??0ImportsHandling@@QAE@AAVCMultiSelectTreeViewCtrl@@@Z 00412430 f   ImportsHandling.obj
 0001:000115c0       ??1ImportsHandling@@QAE@XZ 004125c0 f   ImportsHandling.obj
 0001:00011660       ?isModule@ImportsHandling@@QAE_NV?$CTreeItemT@VCWindow@ATL@@@WTL@@@Z 00412660 f   ImportsHandling.obj
 0001:000116b0       ?isImport@ImportsHandling@@QAE_NV?$CTreeItemT@VCWindow@ATL@@@WTL@@@Z 004126b0 f   ImportsHandling.obj
 0001:00011700       ?updateCounts@ImportsHandling@@AAEXXZ 00412700 f   ImportsHandling.obj
 0001:00011790       ?displayAllImports@ImportsHandling@@QAEXXZ 00412790 f   ImportsHandling.obj
 0001:00011910       ?clearAllImports@ImportsHandling@@QAEXXZ 00412910 f   ImportsHandling.obj
 0001:000119d0       ?addDllToTreeView@ImportsHandling@@AAE?AV?$CTreeItemT@VCWindow@ATL@@@WTL@@AAVCMultiSelectTreeViewCtrl@@PAVImportModuleThunk@@@Z 004129d0 f   ImportsHandling.obj
 0001:00011af0       ?addApiToTreeView@ImportsHandling@@AAE?AV?$CTreeItemT@VCWindow@ATL@@@WTL@@AAVCMultiSelectTreeViewCtrl@@V23@PAVImportThunk@@@Z 00412af0 f   ImportsHandling.obj
 0001:00011c10       ?selectImports@ImportsHandling@@QAEX_N0@Z 00412c10 f   ImportsHandling.obj
 0001:00011d30       ?invalidateImport@ImportsHandling@@QAE_NV?$CTreeItemT@VCWindow@ATL@@@WTL@@@Z 00412d30 f   ImportsHandling.obj
 0001:00011e30       ?invalidateModule@ImportsHandling@@QAE_NV?$CTreeItemT@VCWindow@ATL@@@WTL@@@Z 00412e30 f   ImportsHandling.obj
 0001:00011f10       ?setImport@ImportsHandling@@QAE_NV?$CTreeItemT@VCWindow@ATL@@@WTL@@PB_WPBDGG_N3@Z 00412f10 f   ImportsHandling.obj
 0001:00012060       ?updateImportInTreeView@ImportsHandling@@AAEXPBVImportThunk@@V?$CTreeItemT@VCWindow@ATL@@@WTL@@@Z 00413060 f   ImportsHandling.obj
 0001:00012230       ?updateModuleInTreeView@ImportsHandling@@AAEXPBVImportModuleThunk@@V?$CTreeItemT@VCWindow@ATL@@@WTL@@@Z 00413230 f   ImportsHandling.obj
 0001:00012350       ?cutImport@ImportsHandling@@QAE_NV?$CTreeItemT@VCWindow@ATL@@@WTL@@@Z 00413350 f   ImportsHandling.obj
 0001:00012500       ?cutModule@ImportsHandling@@QAE_NV?$CTreeItemT@VCWindow@ATL@@@WTL@@@Z 00413500 f   ImportsHandling.obj
 0001:00012670       ?scanAndFixModuleList@ImportsHandling@@QAEXXZ 00413670 f   ImportsHandling.obj
 0001:00012860       ?addModuleToModuleList@ImportsHandling@@AAE_NPB_WK@Z 00413860 f   ImportsHandling.obj
 0001:00012950       ??4ImportModuleThunk@@QAEAAV0@ABV0@@Z 00413950 f i ImportsHandling.obj
 0001:000129f0       ?addUnknownModuleToModuleList@ImportsHandling@@AAEXK@Z 004139f0 f   ImportsHandling.obj
 0001:00012ae0       ?addNotFoundApiToModuleList@ImportsHandling@@AAE_NPBVImportThunk@@@Z 00413ae0 f   ImportsHandling.obj
 0001:00012cd0       ??4ImportThunk@@QAEAAV0@ABV0@@Z 00413cd0 f i ImportsHandling.obj
 0001:00012da0       ?addFunctionToModuleList@ImportsHandling@@AAE_NPBVImportThunk@@@Z 00413da0 f   ImportsHandling.obj
 0001:00012f10       ?changeExpandStateOfTreeNodes@ImportsHandling@@AAEXI@Z 00413f10 f   ImportsHandling.obj
 0001:00012f60       ?erase@?$_Tree@V?$_Tmap_traits@KVImportThunk@@U?$less@K@std@@V?$allocator@U?$pair@$$CBKVImportThunk@@@std@@@3@$0A@@std@@@std@@QAEIABK@Z 00413f60 f i ImportsHandling.obj
 0001:00013000       ?clear@?$_Hash@V?$_Hmap_traits@PAU_TREEITEM@@UTreeItemData@ImportsHandling@@V?$hash_compare@PAU_TREEITEM@@U?$less@PAU_TREEITEM@@@std@@@stdext@@V?$allocator@U?$pair@QAU_TREEITEM@@UTreeItemData@ImportsHandling@@@std@@@std@@$0A@@stdext@@@std@@QAEXXZ 00414000 f i ImportsHandling.obj
 0001:00013070       ?erase@?$_Hash@V?$_Hmap_traits@PAU_TREEITEM@@UTreeItemData@ImportsHandling@@V?$hash_compare@PAU_TREEITEM@@U?$less@PAU_TREEITEM@@@std@@@stdext@@V?$allocator@U?$pair@QAU_TREEITEM@@UTreeItemData@ImportsHandling@@@std@@@std@@$0A@@stdext@@@std@@QAEIABQAU_TREEITEM@@@Z 00414070 f i ImportsHandling.obj
 0001:000130f0       ??1?$_Hash@V?$_Hmap_traits@PAU_TREEITEM@@UTreeItemData@ImportsHandling@@V?$hash_compare@PAU_TREEITEM@@U?$less@PAU_TREEITEM@@@std@@@stdext@@V?$allocator@U?$pair@QAU_TREEITEM@@UTreeItemData@ImportsHandling@@@std@@@std@@$0A@@stdext@@@std@@QAE@XZ 004140f0 f i ImportsHandling.obj
 0001:00013160       ??A?$hash_map@PAU_TREEITEM@@UTreeItemData@ImportsHandling@@V?$hash_compare@PAU_TREEITEM@@U?$less@PAU_TREEITEM@@@std@@@stdext@@V?$allocator@U?$pair@QAU_TREEITEM@@UTreeItemData@ImportsHandling@@@std@@@std@@@stdext@@QAEAAUTreeItemData@ImportsHandling@@$$QAPAU_TREEITEM@@@Z 00414160 f i ImportsHandling.obj
 0001:00013200       ??0?$hash_map@PAU_TREEITEM@@UTreeItemData@ImportsHandling@@V?$hash_compare@PAU_TREEITEM@@U?$less@PAU_TREEITEM@@@std@@@stdext@@V?$allocator@U?$pair@QAU_TREEITEM@@UTreeItemData@ImportsHandling@@@std@@@std@@@stdext@@QAE@XZ 00414200 f i ImportsHandling.obj
 0001:000132a0       ?erase@?$_Tree@V?$_Tmap_traits@KVImportModuleThunk@@U?$less@K@std@@V?$allocator@U?$pair@$$CBKVImportModuleThunk@@@std@@@3@$0A@@std@@@std@@QAEIABK@Z 004142a0 f i ImportsHandling.obj
 0001:00013300       ?SetImageList@?$CTreeViewCtrlT@VCWindow@ATL@@@WTL@@QAE?AV?$CImageListT@$0A@@2@PAU_IMAGELIST@@H@Z 00414300 f i ImportsHandling.obj
 0001:00013320       ?_SelectItem@?$CMultiSelectTreeViewImpl@VCMultiSelectTreeViewCtrl@@V?$CTreeViewCtrlExT@VCWindow@ATL@@@WTL@@V?$CWinTraitsOR@$0CA@$0A@V?$CWinTraits@$0FGAAAAAA@$0A@@ATL@@@ATL@@@@QAEXH_NH@Z 00414320 f i ImportsHandling.obj
 0001:000134e0       ?equal_range@?$_Hash@V?$_Hmap_traits@PAU_TREEITEM@@UTreeItemData@ImportsHandling@@V?$hash_compare@PAU_TREEITEM@@U?$less@PAU_TREEITEM@@@std@@@stdext@@V?$allocator@U?$pair@QAU_TREEITEM@@UTreeItemData@ImportsHandling@@@std@@@std@@$0A@@stdext@@@std@@QAE?AU?$pair@V?$_List_iterator@V?$_List_val@U?$_List_simple_types@U?$pair@QAU_TREEITEM@@UTreeItemData@ImportsHandling@@@std@@@std@@@std@@@std@@V12@@2@ABQAU_TREEITEM@@@Z 004144e0 f i ImportsHandling.obj
 0001:000135b0       ?lower_bound@?$_Hash@V?$_Hmap_traits@PAU_TREEITEM@@UTreeItemData@ImportsHandling@@V?$hash_compare@PAU_TREEITEM@@U?$less@PAU_TREEITEM@@@std@@@stdext@@V?$allocator@U?$pair@QAU_TREEITEM@@UTreeItemData@ImportsHandling@@@std@@@std@@$0A@@stdext@@@std@@QAE?AV?$_List_iterator@V?$_List_val@U?$_List_simple_types@U?$pair@QAU_TREEITEM@@UTreeItemData@ImportsHandling@@@std@@@std@@@std@@@2@ABQAU_TREEITEM@@@Z 004145b0 f i ImportsHandling.obj
 0001:00013650       ?GetValueAt@?$CSimpleMap@PAU_TREEITEM@@_NV?$CSimpleMapEqualHelper@PAU_TREEITEM@@_N@ATL@@@ATL@@QBEAA_NH@Z 00414650 f i ImportsHandling.obj
 0001:00013680       ?GetItemData@?$CTreeViewCtrlT@VCWindow@ATL@@@WTL@@QBEKPAU_TREEITEM@@@Z 00414680 f i ImportsHandling.obj
 0001:000136d0       ?GetParent@?$CTreeItemT@VCWindow@ATL@@@WTL@@QBE?AV12@XZ 004146d0 f i ImportsHandling.obj
 0001:00013700       ??$swprintf_s@$0BCM@@@YAHAAY0BCM@_WPB_WZZ 00414700 f i ImportsHandling.obj
 0001:00013720       ??$swprintf_s@$0CFI@@@YAHAAY0CFI@_WPB_WZZ 00414720 f i ImportsHandling.obj
 0001:00013740       ??$_Copy@U_Copy_tag@?$_Tree@V?$_Tmap_traits@KVImportModuleThunk@@U?$less@K@std@@V?$allocator@U?$pair@$$CBKVImportModuleThunk@@@std@@@3@$0A@@std@@@std@@@?$_Tree@V?$_Tmap_traits@KVImportModuleThunk@@U?$less@K@std@@V?$allocator@U?$pair@$$CBKVImportModuleThunk@@@std@@@3@$0A@@std@@@std@@IAEXABV01@U_Copy_tag@01@@Z 00414740 f i ImportsHandling.obj
 0001:000137c0       ??$_Eqrange@K@?$_Tree@V?$_Tmap_traits@KVImportThunk@@U?$less@K@std@@V?$allocator@U?$pair@$$CBKVImportThunk@@@std@@@3@$0A@@std@@@std@@IBE?AU?$pair@V?$_Tree_const_iterator@V?$_Tree_val@U?$_Tree_simple_types@U?$pair@$$CBKVImportThunk@@@std@@@std@@@std@@@std@@V12@@1@ABK@Z 004147c0 f i ImportsHandling.obj
 0001:000137c0       ??$_Eqrange@K@?$_Tree@V?$_Tmap_traits@KVImportModuleThunk@@U?$less@K@std@@V?$allocator@U?$pair@$$CBKVImportModuleThunk@@@std@@@3@$0A@@std@@@std@@IBE?AU?$pair@V?$_Tree_const_iterator@V?$_Tree_val@U?$_Tree_simple_types@U?$pair@$$CBKVImportModuleThunk@@@std@@@std@@@std@@@std@@V12@@1@ABK@Z 004147c0 f i ImportsHandling.obj
 0001:00013840       ??$_Try_emplace@ABK$$V@?$map@KVImportThunk@@U?$less@K@std@@V?$allocator@U?$pair@$$CBKVImportThunk@@@std@@@3@@std@@QAE?AU?$pair@V?$_Tree_iterator@V?$_Tree_val@U?$_Tree_simple_types@U?$pair@$$CBKVImportThunk@@@std@@@std@@@std@@@std@@_N@1@ABK@Z 00414840 f i ImportsHandling.obj
[...]
 0002:00010b28       __sehtable$??$?RV<lambda_800076c951b434888f4765a74a194fcc>@@AAV<lambda_4e60a939b0d047cfe11ddc22648dfba9>@@V<lambda_6dbb1268764f43b569ce7b67e331d33a>@@@?$__crt_seh_guarded_call@H@@QAEH$$QAV<lambda_800076c951b434888f4765a74a194fcc>@@AAV<lambda_4e60a939b0d047cfe11ddc22648dfba9>@@$$QAV<lambda_6dbb1268764f43b569ce7b67e331d33a>@@@Z 00459b28     libucrt:onexit.obj
 0002:00010b48       __sehtable$??$?RV<lambda_995298e7d72eb4c2aab26c0585b3abe5>@@AAV<lambda_275893d493268fdec8709772e3fcec0e>@@V<lambda_293819299cbf9a7022e18b56a874bb5c>@@@?$__crt_seh_guarded_call@H@@QAEH$$QAV<lambda_995298e7d72eb4c2aab26c0585b3abe5>@@AAV<lambda_275893d493268fdec8709772e3fcec0e>@@$$QAV<lambda_293819299cbf9a7022e18b56a874bb5c>@@@Z 00459b48     libucrt:onexit.obj
 0002:00010b68       __sehtable$__query_new_handler 00459b68     libucrt:new_handler.obj
 0002:00010b88       __sehtable$___acrt_uninitialize_locale 00459b88     libucrt:wsetlocale.obj
 0002:00010ba8       __sehtable$??$?RV<lambda_9df27f884b057bc3edfc946cb5b7cf47>@@AAV<lambda_e69574bed617af4e071282c136b37893>@@V<lambda_cc0d902bcbbeb830f749456577db4721>@@@?$__crt_seh_guarded_call@X@@QAEX$$QAV<lambda_9df27f884b057bc3edfc946cb5b7cf47>@@AAV<lambda_e69574bed617af4e071282c136b37893>@@$$QAV<lambda_cc0d902bcbbeb830f749456577db4721>@@@Z 00459ba8     libucrt:per_thread_data.obj
 0002:00010bc8       __sehtable$??$?RV<lambda_3518db117f0e7cdb002338c5d3c47b6c>@@AAV<lambda_b2ea41f6bbb362cd97d94c6828d90b61>@@V<lambda_abdedf541bb04549bc734292b4a045d4>@@@?$__crt_seh_guarded_call@X@@QAEX$$QAV<lambda_3518db117f0e7cdb002338c5d3c47b6c>@@AAV<lambda_b2ea41f6bbb362cd97d94c6828d90b61>@@$$QAV<lambda_abdedf541bb04549bc734292b4a045d4>@@@Z 00459bc8     libucrt:per_thread_data.obj
 0002:00010be8       __sehtable$??$?RV<lambda_51b6e8b1eb166f2a3faf91f424b38130>@@AAV<lambda_6250bd4b2a391816dd638c3bf72b0bcb>@@V<lambda_0b5a4a3e68152e1d9b943535f5f47bed>@@@?$__crt_seh_guarded_call@X@@QAEX$$QAV<lambda_51b6e8b1eb166f2a3faf91f424b38130>@@AAV<lambda_6250bd4b2a391816dd638c3bf72b0bcb>@@$$QAV<lambda_0b5a4a3e68152e1d9b943535f5f47bed>@@@Z 00459be8     libucrt:per_thread_data.obj
 0002:00010c08       __sehtable$??$?RV<lambda_5b71d36f03204c0beab531769a5b5694>@@AAV<lambda_be2b3da3f62db62e9dad5dc70221a656>@@V<lambda_8f9ce462984622f9bf76b59e2aaaf805>@@@?$__crt_seh_guarded_call@X@@QAEX$$QAV<lambda_5b71d36f03204c0beab531769a5b5694>@@AAV<lambda_be2b3da3f62db62e9dad5dc70221a656>@@$$QAV<lambda_8f9ce462984622f9bf76b59e2aaaf805>@@@Z 00459c08     libucrt:per_thread_data.obj
 0002:00010c28       __sehtable$___acrt_initialize_lowio 00459c28     libucrt:ioinit.obj
 0002:00010c48       __sehtable$?__acrt_stdio_allocate_stream@@YA?AV__crt_stdio_stream@@XZ 00459c48     libucrt:stream.obj
 0002:00010c68       __sehtable$??$?RV<lambda_123407a5e2ac06da108355a851863b7a>@@AAV<lambda_2fe9b910cf3cbf4a0ab98a02ba45b3ec>@@V<lambda_ae55bdf541ad94d75914d381c370e64d>@@@?$__crt_seh_guarded_call@H@@QAEH$$QAV<lambda_123407a5e2ac06da108355a851863b7a>@@AAV<lambda_2fe9b910cf3cbf4a0ab98a02ba45b3ec>@@$$QAV<lambda_ae55bdf541ad94d75914d381c370e64d>@@@Z 00459c68     libucrt:close.obj
 0002:00010c88       __sehtable$_common_flush_all 00459c88     libucrt:fflush.obj
 0002:00010cb0       __sehtable$??$common_lseek@_J@@YA_JH_JH@Z 00459cb0     libucrt:lseek.obj
 0002:00010cd0       __sehtable$__read          00459cd0     libucrt:read.obj
 0002:00010cf0       __sehtable$___acrt_update_thread_multibyte_data 00459cf0     libucrt:mbctype.obj
 0002:00010d10       __sehtable$??$?RV<lambda_978dc153c237d78434369da87b74ff60>@@AAV<lambda_ad1ced32f4ac17aa236e5ef05d6b3b7c>@@V<lambda_4a8533e2866a575feecb8298ce776b0d>@@@?$__crt_seh_guarded_call@X@@QAEX$$QAV<lambda_978dc153c237d78434369da87b74ff60>@@AAV<lambda_ad1ced32f4ac17aa236e5ef05d6b3b7c>@@$$QAV<lambda_4a8533e2866a575feecb8298ce776b0d>@@@Z 00459d10     libucrt:mbctype.obj
 0002:00010d30       __sehtable$_raise          00459d30     libucrt:signal.obj
 0002:00010d50       __sehtable$??$?RV<lambda_a048d3beccc847880fc8490e18b82769>@@AAV<lambda_ec61778202f4f5fc7e7711acc23c3bca>@@V<lambda_f7496a158712204296dd6628a163878e>@@@?$__crt_seh_guarded_call@P6AXH@Z@@QAEP6AXH@Z$$QAV<lambda_a048d3beccc847880fc8490e18b82769>@@AAV<lambda_ec61778202f4f5fc7e7711acc23c3bca>@@$$QAV<lambda_f7496a158712204296dd6628a163878e>@@@Z 00459d50     libucrt:signal.obj
 0002:00010d70       __sehtable$__alloc_osfhnd  00459d70     libucrt:osfinfo.obj
 0002:00010d90       __sehtable$___acrt_lowio_ensure_fh_exists 00459d90     libucrt:osfinfo.obj
 0002:00010db0       __sehtable$___acrt_update_thread_locale_data 00459db0     libucrt:locale_refcounting.obj
 0002:00010dd0       __sehtable$__fcloseall     00459dd0     libucrt:closeall.obj
 0002:00010df0       __sehtable$??$common_sopen_dispatch@_W@@YAHQB_WHHHQAHH@Z 00459df0     libucrt:open.obj
 0002:00010e10       __sehtable$??$?RV<lambda_61cee617f5178ae960314fd4d05640a0>@@AAV<lambda_6978c1fb23f02e42e1d9e99668cc68aa>@@V<lambda_9cd88cf8ad10232537feb2133f08c833>@@@?$__crt_seh_guarded_call@H@@QAEH$$QAV<lambda_61cee617f5178ae960314fd4d05640a0>@@AAV<lambda_6978c1fb23f02e42e1d9e99668cc68aa>@@$$QAV<lambda_9cd88cf8ad10232537feb2133f08c833>@@@Z 00459e10     libucrt:commit.obj
 0002:00010e30       __sehtable$__write         00459e30     libucrt:write.obj
 0002:00010e50       __sehtable$___set_fpsr_sse2 00459e50     libucrt:fpctrl.obj
 0002:00010e70       __sehtable$__IsNonwritableInCurrentImage 00459e70     LIBCMT:pesect.obj
 0002:00011924       .idata$6                   0045a924     kernel32:KERNEL32.dll
 0002:00011e4c       .idata$6                   0045ae4c     user32:USER32.dll
 0002:00011f30       .idata$6                   0045af30     gdi32:GDI32.dll
 0002:00011f62       .idata$6                   0045af62     comdlg32:COMDLG32.dll
 0002:0001203c       .idata$6                   0045b03c     advapi32:ADVAPI32.dll
 0002:0001205a       .idata$6                   0045b05a     shell32:SHELL32.dll
 0002:000120d2       .idata$6                   0045b0d2     ole32:ole32.dll
 0002:000120dc       .idata$6                   0045b0dc     oleaut32:OLEAUT32.dll
 0002:0001210e       .idata$6                   0045b10e     shlwapi:SHLWAPI.dll
 0002:00012172       .idata$6                   0045b172     comctl32:COMCTL32.dll
 0002:00012196       .idata$6                   0045b196     Imagehlp:imagehlp.dll
 0003:00000000       ?AddrSizeTable@?1??decode_get_effective_addr_size@@9@9 0045c000     diStorm:decoder.obj
 0003:0000000c       ?OpSizeTable@?1??decode_get_effective_op_size@@9@9 0045c00c     diStorm:decoder.obj
 0003:00000018       ?TextBTable@?1??str_hex_b@@9@9 0045c018     diStorm:textdefs.obj
 0003:00000318       ?TextHBTable@?1??str_code_hb@@9@9 0045c318     diStorm:textdefs.obj
 0003:00000818       _Nibble2ChrTable           0045c818     diStorm:textdefs.obj
 0003:00000a58       __OPSIZETOINT              0045ca58     diStorm:operands.obj
 0003:00000a68       ?MODS@?BK@??operands_extract_modrm@@9@9 0045ca68     diStorm:operands.obj
 0003:00000a70       ?MODS2@?BK@??operands_extract_modrm@@9@9 0045ca70     diStorm:operands.obj
 0003:00006a20       ?__vcrt_flsindex@@3KA      00462a20     libvcruntime:per_thread_data.obj
 0003:00006a40       _errno_no_memory           00462a40     libucrt:errno.obj
 0003:00006a44       _doserrno_no_memory        00462a44     libucrt:errno.obj
 0003:00006a54       ___acrt_flsindex           00462a54     libucrt:per_thread_data.obj
 0003:00006d00       ___rgctypeflag             00462d00     libucrt:mbctype.obj
 0003:00006d08       ___rgcode_page_info        00462d08     libucrt:mbctype.obj
 0003:00007290       ?__DAZ_ENABLED@?1??__set_fpsr_sse2@@9@9 00463290     libucrt:fpctrl.obj
 0003:000086ec       ?AllocateData@@3P6GPAUAtlThunkData_t@@XZA 004646ec     atls:atlthunk.obj
 0003:000086f0       ?InitData@@3P6GXPAUAtlThunkData_t@@PAXI@ZA 004646f0     atls:atlthunk.obj
 0003:000086f4       ?DataToCode@@3P6GP6GJPAUHWND__@@IIJ@ZPAUAtlThunkData_t@@@ZA 004646f4     atls:atlthunk.obj
 0003:000086f8       ?FreeData@@3P6GXPAUAtlThunkData_t@@@ZA 004646f8     atls:atlthunk.obj
 0003:000086fc       ?Initialized@@3_NA         004646fc     atls:atlthunk.obj
 0003:00008710       ?module_local_atexit_table@@3U_onexit_table_t@@A 00464710     LIBCMT:utility.obj
 0003:0000871c       ?module_local_at_quick_exit_table@@3U_onexit_table_t@@A 0046471c     LIBCMT:utility.obj
 0003:00008728       ?is_initialized_as_dll@@3_NA 00464728     LIBCMT:utility.obj
 0003:0000872c       ?_Tss_mutex@@3U_RTL_CRITICAL_SECTION@@A 0046472c     LIBCMT:thread_safe_statics.obj
 0003:00008744       ?_Tss_cv@@3U_RTL_CONDITION_VARIABLE@@A 00464744     LIBCMT:thread_safe_statics.obj
 0003:00008748       ?_Tss_event@@3PAXA         00464748     LIBCMT:thread_safe_statics.obj
 0003:0000874c       ?encoded_sleep_condition_variable_cs@@3P6GHPAU_RTL_CONDITION_VARIABLE@@PAU_RTL_CRITICAL_SECTION@@K@ZA 0046474c     LIBCMT:thread_safe_statics.obj
 0003:00008750       ?encoded_wake_all_condition_variable@@3P6GXPAU_RTL_CONDITION_VARIABLE@@@ZA 00464750     LIBCMT:thread_safe_statics.obj
 0003:00008758       _GS_ExceptionRecord        00464758     LIBCMT:gs_report.obj
 0003:000087a8       _GS_ContextRecord          004647a8     LIBCMT:gs_report.obj
 0003:00008a94       ?module_handles@@3PAPAUHINSTANCE__@@A 00464a94     libvcruntime:winapi_downlevel.obj
 0003:00008aa4       ?encoded_function_pointers@@3PAPAXA 00464aa4     libvcruntime:winapi_downlevel.obj
 0003:00008ac8       ?__vcrt_startup_thread_ptd@@3U__vcrt_ptd@@A 00464ac8     libvcruntime:per_thread_data.obj
 0003:00008af4       ___vcrt_lock_table         00464af4     libvcruntime:locks.obj
 0003:00008b0c       ___vcrt_locks_initialized  00464b0c     libvcruntime:locks.obj
 0003:00008b38       ?heap@@3V_HeapManager@@A   00464b38     libvcruntime:undname.obj
 0003:00008b4c       ___acrt_invalid_parameter_handler 00464b4c     libucrt:invalid_parameter.obj
 0003:00008b50       _c_termination_complete    00464b50     libucrt:exit.obj
 0003:00008b54       _thread_local_exit_callback_func 00464b54     libucrt:exit.obj
 0003:00008b58       ?c_exit_complete@?5??common_exit@@YAXHW4_crt_exit_cleanup_mode@@W4_crt_exit_return_mode@@@Z@4_NA 00464b58     libucrt:exit.obj
 0003:00008b60       ?program_name@?5???$common_configure_argv@_W@@YAHW4_crt_argv_mode@@@Z@4PA_WA 00464b60     libucrt:argv_parsing.obj
 0003:00008d94       ___acrt_new_handler        00464d94     libucrt:new_handler.obj
 0003:00008d98       ___acrt_app_type           00464d98     libucrt:report_runtime_error.obj
 0003:00008d9c       _user_matherr              00464d9c     libucrt:matherr.obj
 0003:00008da0       ?empty_string@?1???$common_wincmdln@_W@@YAPA_WXZ@4PA_WA 00464da0     libucrt:argv_winmain.obj
 0003:00008da8       ___acrt_global_new_mode    00464da8     libucrt:new_mode.obj
 0003:00008dc0       _enable_percent_n          00464dc0     libucrt:printf_count_output.obj
 0003:00008fd8       ___acrt_lock_table         00464fd8     libucrt:locks.obj
 0003:00009110       ___acrt_locks_initialized  00465110     libucrt:locks.obj
 0003:00009118       _module_handles            00465118     libucrt:winapi_thunks.obj
 0003:00009168       _encoded_function_pointers 00465168     libucrt:winapi_thunks.obj
 0003:000091e8       ?state_cache@?1??__acrt_is_packaged_app@@9@4JA 004651e8     libucrt:winapi_thunks.obj
 0003:00009204       _fSystemSet                00465204     libucrt:mbctype.obj
 0003:00009208       ?initialized@?1??__acrt_initialize_multibyte@@9@4_NA 00465208     libucrt:mbctype.obj
 0003:00009228       _ctrlc_action              00465228     libucrt:signal.obj
 0003:0000922c       _ctrlbreak_action          0046522c     libucrt:signal.obj
 0003:00009230       _abort_action              00465230     libucrt:signal.obj
 0003:00009234       _term_action               00465234     libucrt:signal.obj
 0003:0000924c       __pmatherr_set             0046524c     libucrt:libm_error.obj
 0003:000150c4       ?atlTraceUI@WTL@@3VCTraceCategory@ATL@@B 004710c4     AboutGui.obj
 0003:000150ec       ?atlTraceUI@WTL@@3VCTraceCategory@ATL@@B 004710ec     ApiReader.obj
 0003:000150f0       ?atlTraceUI@WTL@@3VCTraceCategory@ATL@@B 004710f0     DisassemblerGui.obj
 0003:000150f4       ?atlTraceUI@WTL@@3VCTraceCategory@ATL@@B 004710f4     DllInjectionPlugin.obj
 0003:000150f8       ?atlTraceUI@WTL@@3VCTraceCategory@ATL@@B 004710f8     DonateGui.obj
 0003:000150fc       ?atlTraceUI@WTL@@3VCTraceCategory@ATL@@B 004710fc     DumpMemoryGui.obj
 0003:00015100       ?atlTraceUI@WTL@@3VCTraceCategory@ATL@@B 00471100     DumpSectionGui.obj
 0003:00015104       ?atlTraceUI@WTL@@3VCTraceCategory@ATL@@B 00471104     FunctionExport.obj
 0003:00015108       ?atlTraceUI@WTL@@3VCTraceCategory@ATL@@B 00471108     IATReferenceScan.obj
 0003:0001510c       ?atlTraceUI@WTL@@3VCTraceCategory@ATL@@B 0047110c     IATSearch.obj
 0003:00015110       ?atlTraceUI@WTL@@3VCTraceCategory@ATL@@B 00471110     ImportRebuilder.obj
 0003:00015114       ?atlTraceUI@WTL@@3VCTraceCategory@ATL@@B 00471114     ImportsHandling.obj
 0003:00015118       ?atlTraceUI@WTL@@3VCTraceCategory@ATL@@B 00471118     main.obj
 0003:00015158       ?atlTraceUI@WTL@@3VCTraceCategory@ATL@@B 00471158     MainGui.obj
 0003:0001515c       ?atlTraceUI@WTL@@3VCTraceCategory@ATL@@B 0047115c     OptionsGui.obj
 0003:00015160       ?atlTraceUI@WTL@@3VCTraceCategory@ATL@@B 00471160     PeParser.obj
 0003:00015164       ?atlTraceUI@WTL@@3VCTraceCategory@ATL@@B 00471164     PickApiGui.obj
 0003:00015168       ?atlTraceUI@WTL@@3VCTraceCategory@ATL@@B 00471168     PickDllGui.obj
 0003:0001516c       ?atlTraceUI@WTL@@3VCTraceCategory@ATL@@B 0047116c     PluginLoader.obj
 0003:0001517c       ?atlTraceUI@WTL@@3VCTraceCategory@ATL@@B 0047117c     ProcessAccessHelp.obj
 0003:0001518c       ?atlTraceUI@WTL@@3VCTraceCategory@ATL@@B 0047118c     TreeImportExport.obj
 0003:00015a78       ?buf@?1??log@Logger@@UAAXPBDZZ@4PADA 00471a78     Logger.obj
 0003:00015ba8       ?buf@?1??log@Logger@@UAAXPB_WZZ@4PA_WA 00471ba8     Logger.obj
 0004:00000000       __guard_fids____dcrt_uninitialize_environments_nolock 00472000     libucrt:environment_initialization.obj
 0004:00000008       __guard_fids__             00472008     libucrt:initialization.obj
 0004:00000068       __guard_fids____acrt_initialize_ptd 00472068     libucrt:per_thread_data.obj
 0004:0000006c       __guard_fids_??$expand_argument_wildcards@_W@@YAHQA_W0AAV?$argument_list@_W@?A0xb0e4b824@@@Z 0047206c     libucrt:argv_wildcards.obj
 0004:00000070       __guard_fids__             00472070     libucrt:locale_initializer.obj
 0004:00000074       __guard_fids__             00472074     libucrt:stdio_initializer.obj
 0004:00000078       __guard_fids__             00472078     libucrt:stdio_initializer.obj
 0004:0000007c       __guard_fids__             0047207c     libucrt:multibyte_initializer.obj
 0004:00000080       __guard_fids____libm_error_support 00472080     libucrt:libm_error.obj
 0004:00000084       __guard_fids__             00472084     libucrt:sse2_initializer.obj
 0004:00000088       __guard_fids__             00472088     libucrt:console_output_initializer.obj
 0004:0000008c       __guard_fids__             0047208c     libcpmt:xthrow.obj
 0004:00000094       __guard_fids__             00472094     libcpmt:xthrow.obj
 0004:0000009c       __guard_fids__             0047209c     libcpmt:xthrow.obj
 0004:000000a4       __guard_fids__             004720a4     libcpmt:xthrow.obj
 0004:000000ac       __guard_fids__             004720ac     libcpmt:xthrow.obj
 0004:000000b4       __guard_fids__             004720b4     libcpmt:xthrow.obj
 0004:000000b8       __guard_fids__             004720b8     libcpmt:xthrow.obj
 0004:000000bc       __guard_fids__             004720bc     libcpmt:xthrow.obj
 0004:000000c0       __guard_fids__             004720c0     libcpmt:xthrow.obj
 0004:000000c4       __guard_fids__             004720c4     libcpmt:xthrow.obj
 0004:000000c8       __guard_fids__             004720c8     libcpmt:xthrow.obj
 0004:000000cc       __guard_fids__             004720cc     libcpmt:xthrow.obj
 0004:000000d0       __guard_fids__             004720d0     LIBCMT:thread_safe_statics.obj
 0004:000000d4       __guard_fids_?__scrt_initialize_thread_safe_statics@@YAHXZ 004720d4     LIBCMT:thread_safe_statics.obj
 0004:000000d8       __guard_fids__             004720d8     LIBCMT:std_type_info_static.obj
 0004:000000dc       __guard_fids__             004720dc     LIBCMT:exe_wwinmain.obj
 0004:000000e0       __guard_fids__             004720e0     LIBCMT:exe_wwinmain.obj
 0004:000000e4       __guard_fids__             004720e4     LIBCMT:exe_wwinmain.obj
 0004:000000e8       __guard_fids_?pre_c_initialization@@YAHXZ 004720e8     LIBCMT:exe_wwinmain.obj
 0004:000000f0       __guard_fids____scrt_set_unhandled_exception_filter 004720f0     LIBCMT:utility_desktop.obj
 0004:000000f4       __guard_fids__             004720f4     LIBCMT:throw_bad_alloc.obj
 0004:000000fc       __guard_fids__             004720fc     LIBCMT:throw_bad_alloc.obj
 0004:00000100       __guard_fids__             00472100     LIBCMT:throw_bad_alloc.obj
 0004:00000104       __guard_fids__             00472104     LIBCMT:guard_support.obj
 0004:00000108       __guard_fids__             00472108     libvcruntime:frame.obj
 0004:0000010c       __guard_fids__             0047210c     libvcruntime:frame.obj
 0004:00000114       __guard_fids__             00472114     libvcruntime:frame.obj
 0004:00000118       __guard_fids__             00472118     libvcruntime:frame.obj
 0004:0000011c       __guard_fids____vcrt_initialize_ptd 0047211c     libvcruntime:per_thread_data.obj
 0006:00000670       $R000000                   00474670     MainGui.res
 0006:00000b48       $R0004D8                   00474b48     MainGui.res
 0006:00000c28       $R0005B8                   00474c28     MainGui.res
 0006:00000d88       $R000718                   00474d88     MainGui.res
 0006:00000eb0       $R000840                   00474eb0     MainGui.res
 0006:00001570       $R000F00                   00475570     MainGui.res
 0006:000016f8       $R001088                   004756f8     MainGui.res
 0006:000018a8       $R001238                   004758a8     MainGui.res
 0006:000019f0       $R001380                   004759f0     MainGui.res
 0006:00001d08       $R001698                   00475d08     MainGui.res
 0006:00002270       $R001C00                   00476270     MainGui.res
 0006:00002b18       $R0024A8                   00476b18     MainGui.res
 0006:000039c0       $R003350                   004779c0     MainGui.res
 0006:00003e28       $R0037B8                   00477e28     MainGui.res
 0006:00004ed0       $R004860                   00478ed0     MainGui.res
 0006:00007478       $R006E08                   0047b478     MainGui.res
 0006:000074d8       $R006E68                   0047b4d8     MainGui.res
 0006:00007a40       $R0073D0                   0047ba40     MainGui.res
 0006:00007ea8       $R007838                   0047bea8     MainGui.res
 0006:00007ed0       $R007860                   0047bed0     MainGui.res
 0006:00008438       $R007DC8                   0047c438     MainGui.res
 0006:000088a0       $R008230                   0047c8a0     MainGui.res
 0006:000088c8       $R008258                   0047c8c8     MainGui.res
 0006:00008e30       $R0087C0                   0047ce30     MainGui.res
 0006:00009298       $R008C28                   0047d298     MainGui.res
 0006:000092c0       $R008C50                   0047d2c0     MainGui.res
 0006:00009520       $R008EB0                   0047d520     MainGui.res
 0006:000095f8       $R008F88                   0047d5f8     MainGui.res
 0006:000096c0       $R009050                   0047d6c0     MainGui.res
 0006:000096e8       $R009078                   0047d6e8     MainGui.res
 0006:00009728       $R0090B8                   0047d728     MainGui.res
